2026-06-15 18:58:32.995 11565-18055 GPUAUX                  com.shopledger.india                 E  [AUX]GuiExtAuxCheckAuxPath:670: Null anb
2026-06-15 18:58:32.995 11565-18055 GPUAUX                  com.shopledger.india                 E  [AUX]GuiExtAuxCheckAuxPath:670: Null anb
2026-06-15 18:58:32.995 11565-18055 GPUAUX                  com.shopledger.india                 E  [AUX]GuiExtAuxCheckAuxPath:670: Null anb
2026-06-15 18:58:32.995 11565-18055 GPUAUX                  com.shopledger.india                 E  [AUX]GuiExtAuxCheckAuxPath:670: Null anb
2026-06-15 18:58:32.995 11565-18055 GPUAUX                  com.shopledger.india                 E  [AUX]GuiExtAuxCheckAuxPath:670: Null anb
2026-06-15 18:58:33.925 11565-11565 InputMethodManager      com.shopledger.india                 D  invalidateInput sessionid: 0
2026-06-15 18:58:33.945 11565-11565 ImeTracker              com.shopledger.india                 I  com.shopledger.india:171af60f: onRequestShow at ORIGIN_CLIENT_SHOW_SOFT_INPUT reason SHOW_SOFT_INPUT
2026-06-15 18:58:33.946 11565-11565 InputMethodManager      com.shopledger.india                 D  showSoftInput() view=com.getcapacitor.CapacitorWebView{84ba9db VFEDHVC.. .F...... 0,0-1080,1575 #7f080213 app:id/webview aid=1073741824} flags=0 reason=SHOW_SOFT_INPUT
2026-06-15 18:58:33.973 11565-11565 AssistStructure         com.shopledger.india                 I  Flattened final assist data: 9932 bytes, containing 1 windows, 13 views
2026-06-15 18:58:34.017 11565-18055 GPUAUX                  com.shopledger.india                 E  [AUX]GuiExtAuxCheckAuxPath:670: Null anb
2026-06-15 18:58:34.017 11565-18055 GPUAUX                  com.shopledger.india                 E  [AUX]GuiExtAuxCheckAuxPath:670: Null anb
2026-06-15 18:58:34.017 11565-18055 GPUAUX                  com.shopledger.india                 E  [AUX]GuiExtAuxCheckAuxPath:670: Null anb
2026-06-15 18:58:34.230 11565-11565 InsetsController        com.shopledger.india                 D  show(ime(), fromIme=true)
2026-06-15 18:58:34.231 11565-11565 ImeTracker              com.shopledger.india                 I  com.shopledger.india:44ad2572: onCancelled at PHASE_CLIENT_APPLY_ANIMATION
2026-06-15 18:58:34.250 11565-11565 InsetsController        com.shopledger.india                 D  show(ime(), fromIme=true)
2026-06-15 18:58:34.251 11565-11565 ImeTracker              com.shopledger.india                 I  com.shopledger.india:171af60f: onCancelled at PHASE_CLIENT_APPLY_ANIMATION
2026-06-15 18:58:35.228 11565-18048 cr_AutofillHintsService com.shopledger.india                 E  onViewTypeAvailable  (Fix with AI)
                                                                                                    java.lang.NullPointerException: Attempt to get length of null array
                                                                                                    	at android.os.Parcel.createExceptionOrNull(Parcel.java:3095)
                                                                                                    	at android.os.Parcel.createException(Parcel.java:3073)
                                                                                                    	at android.os.Parcel.readException(Parcel.java:3056)
                                                                                                    	at android.os.Parcel.readException(Parcel.java:2998)
                                                                                                    	at WV.x11.l(chromium-SystemWebViewGoogle6432.aab-stable-777821503:59)
                                                                                                    	at WV.ke.onTransact(chromium-SystemWebViewGoogle6432.aab-stable-777821503:61)
                                                                                                    	at android.os.Binder.execTransactInternal(Binder.java:1344)
                                                                                                    	at android.os.Binder.execTransact(Binder.java:1275)
2026-06-15 18:58:35.488 11565-18055 GPUAUX                  com.shopledger.india                 E  [AUX]GuiExtAuxCheckAuxPath:670: Null anb
2026-06-15 18:58:35.489 11565-18055 GPUAUX                  com.shopledger.india                 E  [AUX]GuiExtAuxCheckAuxPath:670: Null anb
2026-06-15 18:58:35.489 11565-18055 GPUAUX                  com.shopledger.india                 E  [AUX]GuiExtAuxCheckAuxPath:670: Null anb
2026-06-15 18:58:35.489 11565-18055 GPUAUX                  com.shopledger.india                 E  [AUX]GuiExtAuxCheckAuxPath:670: Null anb
2026-06-15 18:58:35.489 11565-18055 GPUAUX                  com.shopledger.india                 E  [AUX]GuiExtAuxCheckAuxPath:670: Null anb
2026-06-15 18:58:35.490 11565-18055 GPUAUX                  com.shopledger.india                 E  [AUX]GuiExtAuxCheckAuxPath:670: Null anb
2026-06-15 18:58:35.491 11565-18055 GPUAUX                  com.shopledger.india                 E  [AUX]GuiExtAuxCheckAuxPath:670: Null anb
2026-06-15 18:58:35.491 11565-18055 GPUAUX                  com.shopledger.india                 E  [AUX]GuiExtAuxCheckAuxPath:670: Null anb
2026-06-15 18:58:35.491 11565-18055 GPUAUX                  com.shopledger.india                 E  [AUX]GuiExtAuxCheckAuxPath:670: Null anb
2026-06-15 18:58:35.491 11565-18055 GPUAUX                  com.shopledger.india                 E  [AUX]GuiExtAuxCheckAuxPath:670: Null anb
2026-06-15 18:58:35.492 11565-18055 GPUAUX                  com.shopledger.india                 E  [AUX]GuiExtAuxCheckAuxPath:670: Null anb
2026-06-15 18:58:35.492 11565-18055 GPUAUX                  com.shopledger.india                 E  [AUX]GuiExtAuxCheckAuxPath:670: Null anb
2026-06-15 18:58:35.492 11565-18055 GPUAUX                  com.shopledger.india                 E  [AUX]GuiExtAuxCheckAuxPath:670: Null anb
2026-06-15 18:58:36.035 11565-18055 GPUAUX                  com.shopledger.india                 E  [AUX]GuiExtAuxCheckAuxPath:670: Null anb
2026-06-15 18:58:36.036 11565-18055 GPUAUX                  com.shopledger.india                 E  [AUX]GuiExtAuxCheckAuxPath:670: Null anb
2026-06-15 18:58:36.036 11565-18055 GPUAUX                  com.shopledger.india                 E  [AUX]GuiExtAuxCheckAuxPath:670: Null anb
2026-06-15 18:58:36.036 11565-18055 GPUAUX                  com.shopledger.india                 E  [AUX]GuiExtAuxCheckAuxPath:670: Null anb
2026-06-15 18:58:36.036 11565-18055 GPUAUX                  com.shopledger.india                 E  [AUX]GuiExtAuxCheckAuxPath:670: Null anb
2026-06-15 18:58:36.036 11565-18055 GPUAUX                  com.shopledger.india                 E  [AUX]GuiExtAuxCheckAuxPath:670: Null anb
2026-06-15 18:58:36.036 11565-18055 GPUAUX                  com.shopledger.india                 E  [AUX]GuiExtAuxCheckAuxPath:670: Null anb
2026-06-15 18:58:36.036 11565-18055 GPUAUX                  com.shopledger.india                 E  [AUX]GuiExtAuxCheckAuxPath:670: Null anb
2026-06-15 18:58:36.037 11565-18055 GPUAUX                  com.shopledger.india                 E  [AUX]GuiExtAuxCheckAuxPath:670: Null anb
2026-06-15 18:58:36.037 11565-18055 GPUAUX                  com.shopledger.india                 E  [AUX]GuiExtAuxCheckAuxPath:670: Null anb
2026-06-15 18:58:36.037 11565-18055 GPUAUX                  com.shopledger.india                 E  [AUX]GuiExtAuxCheckAuxPath:670: Null anb
2026-06-15 18:58:36.037 11565-18055 GPUAUX                  com.shopledger.india                 E  [AUX]GuiExtAuxCheckAuxPath:670: Null anb
2026-06-15 18:58:36.037 11565-18055 GPUAUX                  com.shopledger.india                 E  [AUX]GuiExtAuxCheckAuxPath:670: Null anb
2026-06-15 18:58:36.354 11565-18055 GPUAUX                  com.shopledger.india                 E  [AUX]GuiExtAuxCheckAuxPath:670: Null anb
2026-06-15 18:58:36.355 11565-18055 GPUAUX                  com.shopledger.india                 E  [AUX]GuiExtAuxCheckAuxPath:670: Null anb
2026-06-15 18:58:36.355 11565-18055 GPUAUX                  com.shopledger.india                 E  [AUX]GuiExtAuxCheckAuxPath:670: Null anb
2026-06-15 18:58:36.355 11565-18055 GPUAUX                  com.shopledger.india                 E  [AUX]GuiExtAuxCheckAuxPath:670: Null anb
2026-06-15 18:58:36.355 11565-18055 GPUAUX                  com.shopledger.india                 E  [AUX]GuiExtAuxCheckAuxPath:670: Null anb
2026-06-15 18:58:36.355 11565-18055 GPUAUX                  com.shopledger.india                 E  [AUX]GuiExtAuxCheckAuxPath:670: Null anb
2026-06-15 18:58:36.355 11565-18055 GPUAUX                  com.shopledger.india                 E  [AUX]GuiExtAuxCheckAuxPath:670: Null anb
2026-06-15 18:58:36.355 11565-18055 GPUAUX                  com.shopledger.india                 E  [AUX]GuiExtAuxCheckAuxPath:670: Null anb
2026-06-15 18:58:36.355 11565-18055 GPUAUX                  com.shopledger.india                 E  [AUX]GuiExtAuxCheckAuxPath:670: Null anb
2026-06-15 18:58:36.355 11565-18055 GPUAUX                  com.shopledger.india                 E  [AUX]GuiExtAuxCheckAuxPath:670: Null anb
2026-06-15 18:58:36.356 11565-18055 GPUAUX                  com.shopledger.india                 E  [AUX]GuiExtAuxCheckAuxPath:670: Null anb
2026-06-15 18:58:36.356 11565-18055 GPUAUX                  com.shopledger.india                 E  [AUX]GuiExtAuxCheckAuxPath:670: Null anb
2026-06-15 18:58:36.357 11565-18055 GPUAUX                  com.shopledger.india                 E  [AUX]GuiExtAuxCheckAuxPath:670: Null anb
2026-06-15 18:58:36.566 11565-18055 GPUAUX                  com.shopledger.india                 E  [AUX]GuiExtAuxCheckAuxPath:670: Null anb
2026-06-15 18:58:36.566 11565-18055 GPUAUX                  com.shopledger.india                 E  [AUX]GuiExtAuxCheckAuxPath:670: Null anb
2026-06-15 18:58:36.567 11565-18055 GPUAUX                  com.shopledger.india                 E  [AUX]GuiExtAuxCheckAuxPath:670: Null anb
2026-06-15 18:58:36.567 11565-18055 GPUAUX                  com.shopledger.india                 E  [AUX]GuiExtAuxCheckAuxPath:670: Null anb
2026-06-15 18:58:36.567 11565-18055 GPUAUX                  com.shopledger.india                 E  [AUX]GuiExtAuxCheckAuxPath:670: Null anb
2026-06-15 18:58:36.567 11565-18055 GPUAUX                  com.shopledger.india                 E  [AUX]GuiExtAuxCheckAuxPath:670: Null anb
2026-06-15 18:58:36.567 11565-18055 GPUAUX                  com.shopledger.india                 E  [AUX]GuiExtAuxCheckAuxPath:670: Null anb
2026-06-15 18:58:36.567 11565-18055 GPUAUX                  com.shopledger.india                 E  [AUX]GuiExtAuxCheckAuxPath:670: Null anb
2026-06-15 18:58:36.567 11565-18055 GPUAUX                  com.shopledger.india                 E  [AUX]GuiExtAuxCheckAuxPath:670: Null anb
2026-06-15 18:58:36.568 11565-18055 GPUAUX                  com.shopledger.india                 E  [AUX]GuiExtAuxCheckAuxPath:670: Null anb
2026-06-15 18:58:36.568 11565-18055 GPUAUX                  com.shopledger.india                 E  [AUX]GuiExtAuxCheckAuxPath:670: Null anb
2026-06-15 18:58:36.568 11565-18055 GPUAUX                  com.shopledger.india                 E  [AUX]GuiExtAuxCheckAuxPath:670: Null anb
2026-06-15 18:58:36.568 11565-18055 GPUAUX                  com.shopledger.india                 E  [AUX]GuiExtAuxCheckAuxPath:670: Null anb
2026-06-15 18:58:37.018 11565-11565 ScrollIdentify          com.shopledger.india                 I  on fling
2026-06-15 18:58:37.063 11565-18055 GPUAUX                  com.shopledger.india                 E  [AUX]GuiExtAuxCheckAuxPath:670: Null anb
2026-06-15 18:58:37.443 11565-11565 ScrollIdentify          com.shopledger.india                 I  on fling
2026-06-15 18:58:38.099 11565-11565 ImeTracker              com.shopledger.india                 I  com.shopledger.india:d5634208: onRequestHide at ORIGIN_CLIENT_HIDE_SOFT_INPUT reason HIDE_SOFT_INPUT
2026-06-15 18:58:38.183 11565-18055 GPUAUX                  com.shopledger.india                 E  [AUX]GuiExtAuxCheckAuxPath:670: Null anb
2026-06-15 18:58:38.183 11565-18055 GPUAUX                  com.shopledger.india                 E  [AUX]GuiExtAuxCheckAuxPath:670: Null anb
2026-06-15 18:58:38.183 11565-18055 GPUAUX                  com.shopledger.india                 E  [AUX]GuiExtAuxCheckAuxPath:670: Null anb
2026-06-15 18:58:38.183 11565-18055 GPUAUX                  com.shopledger.india                 E  [AUX]GuiExtAuxCheckAuxPath:670: Null anb
2026-06-15 18:58:38.193 11565-11565 WindowOnBackDispatcher  com.shopledger.india                 W  sendCancelIfRunning: isInProgress=falsecallback=ImeCallback=ImeOnBackInvokedCallback@68226390 Callback=android.window.IOnBackInvokedCallback$Stub$Proxy@b441db4
2026-06-15 18:58:38.206 11565-11565 Capacitor/...oardPlugin com.shopledger.india                 V  Notifying listeners for event keyboardWillHide
2026-06-15 18:58:38.206 11565-11565 Capacitor/...oardPlugin com.shopledger.india                 D  No listeners found for event keyboardWillHide
2026-06-15 18:58:38.230 11565-18055 GPUAUX                  com.shopledger.india                 E  [AUX]GuiExtAuxCheckAuxPath:670: Null anb
2026-06-15 18:58:38.230 11565-18055 GPUAUX                  com.shopledger.india                 E  [AUX]GuiExtAuxCheckAuxPath:670: Null anb
2026-06-15 18:58:38.231 11565-18055 GPUAUX                  com.shopledger.india                 E  [AUX]GuiExtAuxCheckAuxPath:670: Null anb
2026-06-15 18:58:38.231 11565-18055 GPUAUX                  com.shopledger.india                 E  [AUX]GuiExtAuxCheckAuxPath:670: Null anb
2026-06-15 18:58:38.231 11565-18055 GPUAUX                  com.shopledger.india                 E  [AUX]GuiExtAuxCheckAuxPath:670: Null anb
2026-06-15 18:58:38.231 11565-18055 GPUAUX                  com.shopledger.india                 E  [AUX]GuiExtAuxCheckAuxPath:670: Null anb
2026-06-15 18:58:38.231 11565-18055 GPUAUX                  com.shopledger.india                 E  [AUX]GuiExtAuxCheckAuxPath:670: Null anb
2026-06-15 18:58:38.231 11565-18055 GPUAUX                  com.shopledger.india                 E  [AUX]GuiExtAuxCheckAuxPath:670: Null anb
2026-06-15 18:58:38.232 11565-18055 GPUAUX                  com.shopledger.india                 E  [AUX]GuiExtAuxCheckAuxPath:670: Null anb
2026-06-15 18:58:38.232 11565-18055 GPUAUX                  com.shopledger.india                 E  [AUX]GuiExtAuxCheckAuxPath:670: Null anb
2026-06-15 18:58:38.232 11565-18055 GPUAUX                  com.shopledger.india                 E  [AUX]GuiExtAuxCheckAuxPath:670: Null anb
2026-06-15 18:58:38.232 11565-18055 GPUAUX                  com.shopledger.india                 E  [AUX]GuiExtAuxCheckAuxPath:670: Null anb
2026-06-15 18:58:38.232 11565-18055 GPUAUX                  com.shopledger.india                 E  [AUX]GuiExtAuxCheckAuxPath:670: Null anb
2026-06-15 18:58:38.232 11565-18055 GPUAUX                  com.shopledger.india                 E  [AUX]GuiExtAuxCheckAuxPath:670: Null anb
2026-06-15 18:58:38.232 11565-18055 GPUAUX                  com.shopledger.india                 E  [AUX]GuiExtAuxCheckAuxPath:670: Null anb
2026-06-15 18:58:38.232 11565-18055 GPUAUX                  com.shopledger.india                 E  [AUX]GuiExtAuxCheckAuxPath:670: Null anb
2026-06-15 18:58:38.232 11565-18055 GPUAUX                  com.shopledger.india                 E  [AUX]GuiExtAuxCheckAuxPath:670: Null anb
2026-06-15 18:58:38.233 11565-18055 GPUAUX                  com.shopledger.india                 E  [AUX]GuiExtAuxCheckAuxPath:670: Null anb
2026-06-15 18:58:38.233 11565-18055 GPUAUX                  com.shopledger.india                 E  [AUX]GuiExtAuxCheckAuxPath:670: Null anb
2026-06-15 18:58:38.233 11565-18055 GPUAUX                  com.shopledger.india                 E  [AUX]GuiExtAuxCheckAuxPath:670: Null anb
2026-06-15 18:58:38.233 11565-18055 GPUAUX                  com.shopledger.india                 E  [AUX]GuiExtAuxCheckAuxPath:670: Null anb
2026-06-15 18:58:38.314 11565-18087 Capacitor               com.shopledger.india                 D  Handling local request: https://localhost/pwa-192x192.png
2026-06-15 18:58:38.348 11565-18127 hopledger.india         com.shopledger.india                 E  == MALI DEBUG ===BAD ALLOC from gles_texture_egl_image_get_2d_template err is 0
2026-06-15 18:58:38.365 11565-18127 hopledger.india         com.shopledger.india                 E  == MALI DEBUG ===BAD ALLOC from gles_texture_egl_image_get_2d_template err is 0
2026-06-15 18:58:38.392 11565-18127 hopledger.india         com.shopledger.india                 E  == MALI DEBUG ===BAD ALLOC from gles_texture_egl_image_get_2d_template err is 0
2026-06-15 18:58:38.406 11565-18127 hopledger.india         com.shopledger.india                 E  == MALI DEBUG ===BAD ALLOC from gles_texture_egl_image_get_2d_template err is 0
2026-06-15 18:58:38.426 11565-18127 hopledger.india         com.shopledger.india                 E  == MALI DEBUG ===BAD ALLOC from gles_texture_egl_image_get_2d_template err is 0
2026-06-15 18:58:38.448 11565-18127 hopledger.india         com.shopledger.india                 E  == MALI DEBUG ===BAD ALLOC from gles_texture_egl_image_get_2d_template err is 0
2026-06-15 18:58:38.450 11565-18127 hopledger.india         com.shopledger.india                 E  == MALI DEBUG ===BAD ALLOC from gles_texture_egl_image_get_2d_template err is 0
2026-06-15 18:58:38.463 11565-18127 hopledger.india         com.shopledger.india                 E  == MALI DEBUG ===BAD ALLOC from gles_texture_egl_image_get_2d_template err is 0
2026-06-15 18:58:38.481 11565-18127 hopledger.india         com.shopledger.india                 E  == MALI DEBUG ===BAD ALLOC from gles_texture_egl_image_get_2d_template err is 0
2026-06-15 18:58:38.497 11565-18127 hopledger.india         com.shopledger.india                 E  == MALI DEBUG ===BAD ALLOC from gles_texture_egl_image_get_2d_template err is 0
2026-06-15 18:58:38.514 11565-18127 hopledger.india         com.shopledger.india                 E  == MALI DEBUG ===BAD ALLOC from gles_texture_egl_image_get_2d_template err is 0
2026-06-15 18:58:38.536 11565-18127 hopledger.india         com.shopledger.india                 E  == MALI DEBUG ===BAD ALLOC from gles_texture_egl_image_get_2d_template err is 0
2026-06-15 18:58:38.554 11565-18127 hopledger.india         com.shopledger.india                 E  == MALI DEBUG ===BAD ALLOC from gles_texture_egl_image_get_2d_template err is 0
2026-06-15 18:58:38.573 11565-18127 hopledger.india         com.shopledger.india                 E  == MALI DEBUG ===BAD ALLOC from gles_texture_egl_image_get_2d_template err is 0
2026-06-15 18:58:38.582 11565-18127 hopledger.india         com.shopledger.india                 E  == MALI DEBUG ===BAD ALLOC from gles_texture_egl_image_get_2d_template err is 0
2026-06-15 18:58:38.590 11565-18127 hopledger.india         com.shopledger.india                 E  == MALI DEBUG ===BAD ALLOC from gles_texture_egl_image_get_2d_template err is 0
2026-06-15 18:58:38.596 11565-18127 hopledger.india         com.shopledger.india                 E  == MALI DEBUG ===BAD ALLOC from gles_texture_egl_image_get_2d_template err is 0
2026-06-15 18:58:38.605 11565-18127 hopledger.india         com.shopledger.india                 E  == MALI DEBUG ===BAD ALLOC from gles_texture_egl_image_get_2d_template err is 0
2026-06-15 18:58:38.620 11565-18127 hopledger.india         com.shopledger.india                 E  == MALI DEBUG ===BAD ALLOC from gles_texture_egl_image_get_2d_template err is 0
2026-06-15 18:58:38.630 11565-18127 hopledger.india         com.shopledger.india                 E  == MALI DEBUG ===BAD ALLOC from gles_texture_egl_image_get_2d_template err is 0
2026-06-15 18:58:38.636 11565-18055 GPUAUX                  com.shopledger.india                 E  [AUX]GuiExtAuxCheckAuxPath:670: Null anb
2026-06-15 18:58:38.636 11565-18055 GPUAUX                  com.shopledger.india                 E  [AUX]GuiExtAuxCheckAuxPath:670: Null anb
2026-06-15 18:58:38.637 11565-18055 GPUAUX                  com.shopledger.india                 E  [AUX]GuiExtAuxCheckAuxPath:670: Null anb
2026-06-15 18:58:38.637 11565-18055 GPUAUX                  com.shopledger.india                 E  [AUX]GuiExtAuxCheckAuxPath:670: Null anb
2026-06-15 18:58:38.637 11565-18055 GPUAUX                  com.shopledger.india                 E  [AUX]GuiExtAuxCheckAuxPath:670: Null anb
2026-06-15 18:58:38.637 11565-18055 GPUAUX                  com.shopledger.india                 E  [AUX]GuiExtAuxCheckAuxPath:670: Null anb
2026-06-15 18:58:38.637 11565-18055 GPUAUX                  com.shopledger.india                 E  [AUX]GuiExtAuxCheckAuxPath:670: Null anb
2026-06-15 18:58:38.637 11565-18055 GPUAUX                  com.shopledger.india                 E  [AUX]GuiExtAuxCheckAuxPath:670: Null anb
2026-06-15 18:58:38.637 11565-18055 GPUAUX                  com.shopledger.india                 E  [AUX]GuiExtAuxCheckAuxPath:670: Null anb
2026-06-15 18:58:38.638 11565-18055 GPUAUX                  com.shopledger.india                 E  [AUX]GuiExtAuxCheckAuxPath:670: Null anb
2026-06-15 18:58:38.638 11565-18055 GPUAUX                  com.shopledger.india                 E  [AUX]GuiExtAuxCheckAuxPath:670: Null anb
2026-06-15 18:58:38.638 11565-18055 GPUAUX                  com.shopledger.india                 E  [AUX]GuiExtAuxCheckAuxPath:670: Null anb
2026-06-15 18:58:38.638 11565-18055 GPUAUX                  com.shopledger.india                 E  [AUX]GuiExtAuxCheckAuxPath:670: Null anb
2026-06-15 18:58:38.638 11565-18055 GPUAUX                  com.shopledger.india                 E  [AUX]GuiExtAuxCheckAuxPath:670: Null anb
2026-06-15 18:58:38.638 11565-18055 GPUAUX                  com.shopledger.india                 E  [AUX]GuiExtAuxCheckAuxPath:670: Null anb
2026-06-15 18:58:38.638 11565-18055 GPUAUX                  com.shopledger.india                 E  [AUX]GuiExtAuxCheckAuxPath:670: Null anb
2026-06-15 18:58:38.638 11565-18055 GPUAUX                  com.shopledger.india                 E  [AUX]GuiExtAuxCheckAuxPath:670: Null anb
2026-06-15 18:58:38.639 11565-18055 GPUAUX                  com.shopledger.india                 E  [AUX]GuiExtAuxCheckAuxPath:670: Null anb
2026-06-15 18:58:38.655 11565-11565 ImeTracker              com.shopledger.india                 I  com.shopledger.india:b6e49382: onRequestHide at ORIGIN_CLIENT_HIDE_SOFT_INPUT reason HIDE_SOFT_INPUT_BY_INSETS_API
2026-06-15 18:58:38.657 11565-18127 hopledger.india         com.shopledger.india                 E  == MALI DEBUG ===BAD ALLOC from gles_texture_egl_image_get_2d_template err is 0
2026-06-15 18:58:38.662 11565-11565 ImeTracker              com.shopledger.india                 I  com.shopledger.india:d5634208: onHidden
2026-06-15 18:58:38.663 11565-11565 Capacitor/...oardPlugin com.shopledger.india                 V  Notifying listeners for event keyboardDidHide
2026-06-15 18:58:38.663 11565-11565 Capacitor/...oardPlugin com.shopledger.india                 D  No listeners found for event keyboardDidHide
2026-06-15 18:58:38.698 11565-18127 hopledger.india         com.shopledger.india                 E  == MALI DEBUG ===BAD ALLOC from gles_texture_egl_image_get_2d_template err is 0
2026-06-15 18:58:43.910 11565-18055 GPUAUX                  com.shopledger.india                 E  [AUX]GuiExtAuxCheckAuxPath:670: Null anb
2026-06-15 18:58:43.953 11565-11565 ScrollIdentify          com.shopledger.india                 I  on fling
2026-06-15 18:58:53.164 11565-18127 hopledger.india         com.shopledger.india                 E  == MALI DEBUG ===BAD ALLOC from gles_texture_egl_image_get_2d_template err is 0
2026-06-15 18:58:53.183 11565-18127 hopledger.india         com.shopledger.india                 E  == MALI DEBUG ===BAD ALLOC from gles_texture_egl_image_get_2d_template err is 0
2026-06-15 18:58:53.197 11565-18127 hopledger.india         com.shopledger.india                 E  == MALI DEBUG ===BAD ALLOC from gles_texture_egl_image_get_2d_template err is 0
2026-06-15 18:58:53.223 11565-18127 hopledger.india         com.shopledger.india                 E  == MALI DEBUG ===BAD ALLOC from gles_texture_egl_image_get_2d_template err is 0
2026-06-15 18:58:53.235 11565-18127 hopledger.india         com.shopledger.india                 E  == MALI DEBUG ===BAD ALLOC from gles_texture_egl_image_get_2d_template err is 0
2026-06-15 18:58:53.247 11565-18127 hopledger.india         com.shopledger.india                 E  == MALI DEBUG ===BAD ALLOC from gles_texture_egl_image_get_2d_template err is 0
2026-06-15 18:58:53.253 11565-18055 GPUAUX                  com.shopledger.india                 E  [AUX]GuiExtAuxCheckAuxPath:670: Null anb
2026-06-15 18:58:53.253 11565-18055 GPUAUX                  com.shopledger.india                 E  [AUX]GuiExtAuxCheckAuxPath:670: Null anb
2026-06-15 18:58:53.254 11565-18055 GPUAUX                  com.shopledger.india                 E  [AUX]GuiExtAuxCheckAuxPath:670: Null anb
2026-06-15 18:58:53.254 11565-18055 GPUAUX                  com.shopledger.india                 E  [AUX]GuiExtAuxCheckAuxPath:670: Null anb
2026-06-15 18:58:53.254 11565-18055 GPUAUX                  com.shopledger.india                 E  [AUX]GuiExtAuxCheckAuxPath:670: Null anb
2026-06-15 18:58:53.261 11565-18055 GPUAUX                  com.shopledger.india                 E  [AUX]GuiExtAuxCheckAuxPath:670: Null anb
2026-06-15 18:58:53.571 11565-18127 hopledger.india         com.shopledger.india                 E  == MALI DEBUG ===BAD ALLOC from gles_texture_egl_image_get_2d_template err is 0
2026-06-15 18:58:53.578 11565-18055 GPUAUX                  com.shopledger.india                 E  [AUX]GuiExtAuxCheckAuxPath:670: Null anb
