026-06-17 16:43:44.319 18739-20245 hopledger.india         com.shopledger.india                 E  == MALI DEBUG ===BAD ALLOC from gles_texture_egl_image_get_2d_template err is 0
2026-06-17 16:43:44.333 18739-20245 hopledger.india         com.shopledger.india                 E  == MALI DEBUG ===BAD ALLOC from gles_texture_egl_image_get_2d_template err is 0
2026-06-17 16:43:44.339 18739-20245 hopledger.india         com.shopledger.india                 E  == MALI DEBUG ===BAD ALLOC from gles_texture_egl_image_get_2d_template err is 0
2026-06-17 16:43:44.344 18739-20245 hopledger.india         com.shopledger.india                 E  == MALI DEBUG ===BAD ALLOC from gles_texture_egl_image_get_2d_template err is 0
2026-06-17 16:43:44.357 18739-20245 hopledger.india         com.shopledger.india                 E  == MALI DEBUG ===BAD ALLOC from gles_texture_egl_image_get_2d_template err is 0
2026-06-17 16:43:44.366 18739-20245 hopledger.india         com.shopledger.india                 E  == MALI DEBUG ===BAD ALLOC from gles_texture_egl_image_get_2d_template err is 0
2026-06-17 16:43:44.378 18739-20245 hopledger.india         com.shopledger.india                 E  == MALI DEBUG ===BAD ALLOC from gles_texture_egl_image_get_2d_template err is 0
2026-06-17 16:43:44.397 18739-20245 hopledger.india         com.shopledger.india                 E  == MALI DEBUG ===BAD ALLOC from gles_texture_egl_image_get_2d_template err is 0
2026-06-17 16:43:44.398 18739-20192 GPUAUX                  com.shopledger.india                 E  [AUX]GuiExtAuxCheckAuxPath:670: Null anb
2026-06-17 16:43:44.398 18739-20192 GPUAUX                  com.shopledger.india                 E  [AUX]GuiExtAuxCheckAuxPath:670: Null anb
2026-06-17 16:43:44.398 18739-20192 GPUAUX                  com.shopledger.india                 E  [AUX]GuiExtAuxCheckAuxPath:670: Null anb
2026-06-17 16:43:44.399 18739-20192 GPUAUX                  com.shopledger.india                 E  [AUX]GuiExtAuxCheckAuxPath:670: Null anb
2026-06-17 16:43:44.399 18739-20192 GPUAUX                  com.shopledger.india                 E  [AUX]GuiExtAuxCheckAuxPath:670: Null anb
2026-06-17 16:43:44.399 18739-20192 GPUAUX                  com.shopledger.india                 E  [AUX]GuiExtAuxCheckAuxPath:670: Null anb
2026-06-17 16:43:44.399 18739-20192 GPUAUX                  com.shopledger.india                 E  [AUX]GuiExtAuxCheckAuxPath:670: Null anb
2026-06-17 16:43:44.400 18739-20192 GPUAUX                  com.shopledger.india                 E  [AUX]GuiExtAuxCheckAuxPath:670: Null anb
2026-06-17 16:43:44.415 18739-20245 hopledger.india         com.shopledger.india                 E  == MALI DEBUG ===BAD ALLOC from gles_texture_egl_image_get_2d_template err is 0
2026-06-17 16:43:44.417 18739-20192 GPUAUX                  com.shopledger.india                 E  [AUX]GuiExtAuxCheckAuxPath:670: Null anb
2026-06-17 16:43:44.429 18739-20192 GPUAUX                  com.shopledger.india                 E  [AUX]GuiExtAuxCheckAuxPath:670: Null anb
2026-06-17 16:43:44.499 18739-20192 GPUAUX                  com.shopledger.india                 E  [AUX]GuiExtAuxCheckAuxPath:670: Null anb
2026-06-17 16:43:45.183 18739-18739 ScrollIdentify          com.shopledger.india                 I  on fling
2026-06-17 16:43:45.266 18739-20192 GPUAUX                  com.shopledger.india                 E  [AUX]GuiExtAuxCheckAuxPath:670: Null anb
2026-06-17 16:43:45.514 18739-18739 ScrollIdentify          com.shopledger.india                 I  on fling
2026-06-17 16:43:47.423 18739-20192 GPUAUX                  com.shopledger.india                 E  [AUX]GuiExtAuxCheckAuxPath:670: Null anb
2026-06-17 16:43:47.578 18739-18739 ScrollIdentify          com.shopledger.india                 I  on fling
2026-06-17 16:43:48.770 18739-18739 AssistStructure         com.shopledger.india                 I  Flattened final assist data: 13840 bytes, containing 1 windows, 20 views
2026-06-17 16:43:48.771 18739-20245 hopledger.india         com.shopledger.india                 E  == MALI DEBUG ===BAD ALLOC from gles_texture_egl_image_get_2d_template err is 0
2026-06-17 16:43:48.780 18739-20245 hopledger.india         com.shopledger.india                 E  == MALI DEBUG ===BAD ALLOC from gles_texture_egl_image_get_2d_template err is 0
2026-06-17 16:43:48.790 18739-20245 hopledger.india         com.shopledger.india                 E  == MALI DEBUG ===BAD ALLOC from gles_texture_egl_image_get_2d_template err is 0
2026-06-17 16:43:48.804 18739-20245 hopledger.india         com.shopledger.india                 E  == MALI DEBUG ===BAD ALLOC from gles_texture_egl_image_get_2d_template err is 0
2026-06-17 16:43:48.812 18739-20245 hopledger.india         com.shopledger.india                 E  == MALI DEBUG ===BAD ALLOC from gles_texture_egl_image_get_2d_template err is 0
2026-06-17 16:43:48.816 18739-20245 hopledger.india         com.shopledger.india                 E  == MALI DEBUG ===BAD ALLOC from gles_texture_egl_image_get_2d_template err is 0
2026-06-17 16:43:48.824 18739-20245 hopledger.india         com.shopledger.india                 E  == MALI DEBUG ===BAD ALLOC from gles_texture_egl_image_get_2d_template err is 0
2026-06-17 16:43:48.833 18739-20245 hopledger.india         com.shopledger.india                 E  == MALI DEBUG ===BAD ALLOC from gles_texture_egl_image_get_2d_template err is 0
2026-06-17 16:43:48.843 18739-20245 hopledger.india         com.shopledger.india                 E  == MALI DEBUG ===BAD ALLOC from gles_texture_egl_image_get_2d_template err is 0
2026-06-17 16:43:48.850 18739-20245 hopledger.india         com.shopledger.india                 E  == MALI DEBUG ===BAD ALLOC from gles_texture_egl_image_get_2d_template err is 0
2026-06-17 16:43:48.853 18739-20245 hopledger.india         com.shopledger.india                 E  == MALI DEBUG ===BAD ALLOC from gles_texture_egl_image_get_2d_template err is 0
2026-06-17 16:43:48.857 18739-20245 hopledger.india         com.shopledger.india                 E  == MALI DEBUG ===BAD ALLOC from gles_texture_egl_image_get_2d_template err is 0
2026-06-17 16:43:48.860 18739-20245 hopledger.india         com.shopledger.india                 E  == MALI DEBUG ===BAD ALLOC from gles_texture_egl_image_get_2d_template err is 0
2026-06-17 16:43:48.863 18739-20245 hopledger.india         com.shopledger.india                 E  == MALI DEBUG ===BAD ALLOC from gles_texture_egl_image_get_2d_template err is 0
2026-06-17 16:43:48.866 18739-20245 hopledger.india         com.shopledger.india                 E  == MALI DEBUG ===BAD ALLOC from gles_texture_egl_image_get_2d_template err is 0
2026-06-17 16:43:48.869 18739-20245 hopledger.india         com.shopledger.india                 E  == MALI DEBUG ===BAD ALLOC from gles_texture_egl_image_get_2d_template err is 0
2026-06-17 16:43:48.871 18739-20245 hopledger.india         com.shopledger.india                 E  == MALI DEBUG ===BAD ALLOC from gles_texture_egl_image_get_2d_template err is 0
2026-06-17 16:43:48.881 18739-20245 hopledger.india         com.shopledger.india                 E  == MALI DEBUG ===BAD ALLOC from gles_texture_egl_image_get_2d_template err is 0
2026-06-17 16:43:48.886 18739-20245 hopledger.india         com.shopledger.india                 E  == MALI DEBUG ===BAD ALLOC from gles_texture_egl_image_get_2d_template err is 0
2026-06-17 16:43:48.887 18739-20192 GPUAUX                  com.shopledger.india                 E  [AUX]GuiExtAuxCheckAuxPath:670: Null anb
2026-06-17 16:43:48.887 18739-20192 GPUAUX                  com.shopledger.india                 E  [AUX]GuiExtAuxCheckAuxPath:670: Null anb
2026-06-17 16:43:48.887 18739-20192 GPUAUX                  com.shopledger.india                 E  [AUX]GuiExtAuxCheckAuxPath:670: Null anb
2026-06-17 16:43:48.887 18739-20192 GPUAUX                  com.shopledger.india                 E  [AUX]GuiExtAuxCheckAuxPath:670: Null anb
2026-06-17 16:43:48.887 18739-20192 GPUAUX                  com.shopledger.india                 E  [AUX]GuiExtAuxCheckAuxPath:670: Null anb
2026-06-17 16:43:48.887 18739-20192 GPUAUX                  com.shopledger.india                 E  [AUX]GuiExtAuxCheckAuxPath:670: Null anb
2026-06-17 16:43:48.888 18739-20192 GPUAUX                  com.shopledger.india                 E  [AUX]GuiExtAuxCheckAuxPath:670: Null anb
2026-06-17 16:43:48.888 18739-20192 GPUAUX                  com.shopledger.india                 E  [AUX]GuiExtAuxCheckAuxPath:670: Null anb
2026-06-17 16:43:48.888 18739-20192 GPUAUX                  com.shopledger.india                 E  [AUX]GuiExtAuxCheckAuxPath:670: Null anb
2026-06-17 16:43:48.888 18739-20192 GPUAUX                  com.shopledger.india                 E  [AUX]GuiExtAuxCheckAuxPath:670: Null anb
2026-06-17 16:43:48.888 18739-20192 GPUAUX                  com.shopledger.india                 E  [AUX]GuiExtAuxCheckAuxPath:670: Null anb
2026-06-17 16:43:48.888 18739-20192 GPUAUX                  com.shopledger.india                 E  [AUX]GuiExtAuxCheckAuxPath:670: Null anb
2026-06-17 16:43:48.888 18739-20192 GPUAUX                  com.shopledger.india                 E  [AUX]GuiExtAuxCheckAuxPath:670: Null anb
2026-06-17 16:43:48.888 18739-20192 GPUAUX                  com.shopledger.india                 E  [AUX]GuiExtAuxCheckAuxPath:670: Null anb
2026-06-17 16:43:48.888 18739-20192 GPUAUX                  com.shopledger.india                 E  [AUX]GuiExtAuxCheckAuxPath:670: Null anb
2026-06-17 16:43:48.889 18739-20245 hopledger.india         com.shopledger.india                 E  == MALI DEBUG ===BAD ALLOC from gles_texture_egl_image_get_2d_template err is 0
2026-06-17 16:43:48.897 18739-20245 hopledger.india         com.shopledger.india                 E  == MALI DEBUG ===BAD ALLOC from gles_texture_egl_image_get_2d_template err is 0
2026-06-17 16:43:48.907 18739-20245 hopledger.india         com.shopledger.india                 E  == MALI DEBUG ===BAD ALLOC from gles_texture_egl_image_get_2d_template err is 0
2026-06-17 16:43:48.914 18739-20245 hopledger.india         com.shopledger.india                 E  == MALI DEBUG ===BAD ALLOC from gles_texture_egl_image_get_2d_template err is 0
2026-06-17 16:43:48.920 18739-20245 hopledger.india         com.shopledger.india                 E  == MALI DEBUG ===BAD ALLOC from gles_texture_egl_image_get_2d_template err is 0
2026-06-17 16:43:48.930 18739-20245 hopledger.india         com.shopledger.india                 E  == MALI DEBUG ===BAD ALLOC from gles_texture_egl_image_get_2d_template err is 0
2026-06-17 16:43:48.937 18739-20245 hopledger.india         com.shopledger.india                 E  == MALI DEBUG ===BAD ALLOC from gles_texture_egl_image_get_2d_template err is 0
2026-06-17 16:43:48.942 18739-20245 hopledger.india         com.shopledger.india                 E  == MALI DEBUG ===BAD ALLOC from gles_texture_egl_image_get_2d_template err is 0
2026-06-17 16:43:48.948 18739-20245 hopledger.india         com.shopledger.india                 E  == MALI DEBUG ===BAD ALLOC from gles_texture_egl_image_get_2d_template err is 0
2026-06-17 16:43:48.957 18739-20245 hopledger.india         com.shopledger.india                 E  == MALI DEBUG ===BAD ALLOC from gles_texture_egl_image_get_2d_template err is 0
2026-06-17 16:43:48.962 18739-20245 hopledger.india         com.shopledger.india                 E  == MALI DEBUG ===BAD ALLOC from gles_texture_egl_image_get_2d_template err is 0
2026-06-17 16:43:48.966 18739-20245 hopledger.india         com.shopledger.india                 E  == MALI DEBUG ===BAD ALLOC from gles_texture_egl_image_get_2d_template err is 0
2026-06-17 16:43:48.970 18739-20245 hopledger.india         com.shopledger.india                 E  == MALI DEBUG ===BAD ALLOC from gles_texture_egl_image_get_2d_template err is 0
2026-06-17 16:43:48.973 18739-20245 hopledger.india         com.shopledger.india                 E  == MALI DEBUG ===BAD ALLOC from gles_texture_egl_image_get_2d_template err is 0
2026-06-17 16:43:48.976 18739-20245 hopledger.india         com.shopledger.india                 E  == MALI DEBUG ===BAD ALLOC from gles_texture_egl_image_get_2d_template err is 0
2026-06-17 16:43:48.980 18739-20245 hopledger.india         com.shopledger.india                 E  == MALI DEBUG ===BAD ALLOC from gles_texture_egl_image_get_2d_template err is 0
2026-06-17 16:43:48.989 18739-20245 hopledger.india         com.shopledger.india                 E  == MALI DEBUG ===BAD ALLOC from gles_texture_egl_image_get_2d_template err is 0
2026-06-17 16:43:48.995 18739-20245 hopledger.india         com.shopledger.india                 E  == MALI DEBUG ===BAD ALLOC from gles_texture_egl_image_get_2d_template err is 0
2026-06-17 16:43:48.997 18739-20192 GPUAUX                  com.shopledger.india                 E  [AUX]GuiExtAuxCheckAuxPath:670: Null anb
2026-06-17 16:43:48.999 18739-20192 GPUAUX                  com.shopledger.india                 E  [AUX]GuiExtAuxCheckAuxPath:670: Null anb
2026-06-17 16:43:49.000 18739-20192 GPUAUX                  com.shopledger.india                 E  [AUX]GuiExtAuxCheckAuxPath:670: Null anb
2026-06-17 16:43:49.000 18739-20192 GPUAUX                  com.shopledger.india                 E  [AUX]GuiExtAuxCheckAuxPath:670: Null anb
2026-06-17 16:43:49.000 18739-20245 hopledger.india         com.shopledger.india                 E  == MALI DEBUG ===BAD ALLOC from gles_texture_egl_image_get_2d_template err is 0
2026-06-17 16:43:49.000 18739-20192 GPUAUX                  com.shopledger.india                 E  [AUX]GuiExtAuxCheckAuxPath:670: Null anb
2026-06-17 16:43:49.001 18739-20192 GPUAUX                  com.shopledger.india                 E  [AUX]GuiExtAuxCheckAuxPath:670: Null anb
2026-06-17 16:43:49.001 18739-20192 GPUAUX                  com.shopledger.india                 E  [AUX]GuiExtAuxCheckAuxPath:670: Null anb
2026-06-17 16:43:49.002 18739-20192 GPUAUX                  com.shopledger.india                 E  [AUX]GuiExtAuxCheckAuxPath:670: Null anb
2026-06-17 16:43:49.002 18739-20192 GPUAUX                  com.shopledger.india                 E  [AUX]GuiExtAuxCheckAuxPath:670: Null anb
2026-06-17 16:43:49.002 18739-20192 GPUAUX                  com.shopledger.india                 E  [AUX]GuiExtAuxCheckAuxPath:670: Null anb
2026-06-17 16:43:49.003 18739-20192 GPUAUX                  com.shopledger.india                 E  [AUX]GuiExtAuxCheckAuxPath:670: Null anb
2026-06-17 16:43:49.003 18739-20192 GPUAUX                  com.shopledger.india                 E  [AUX]GuiExtAuxCheckAuxPath:670: Null anb
2026-06-17 16:43:49.004 18739-20192 GPUAUX                  com.shopledger.india                 E  [AUX]GuiExtAuxCheckAuxPath:670: Null anb
2026-06-17 16:43:49.092 18739-20192 GPUAUX                  com.shopledger.india                 E  [AUX]GuiExtAuxCheckAuxPath:670: Null anb
2026-06-17 16:43:49.092 18739-20192 GPUAUX                  com.shopledger.india                 E  [AUX]GuiExtAuxCheckAuxPath:670: Null anb
2026-06-17 16:43:49.093 18739-20192 GPUAUX                  com.shopledger.india                 E  [AUX]GuiExtAuxCheckAuxPath:670: Null anb
2026-06-17 16:43:49.857 18739-18739 InputMethodManager      com.shopledger.india                 D  invalidateInput sessionid: 0
2026-06-17 16:43:49.864 18739-18739 ImeTracker              com.shopledger.india                 I  com.shopledger.india:2bb0989a: onRequestShow at ORIGIN_CLIENT_SHOW_SOFT_INPUT reason SHOW_SOFT_INPUT
2026-06-17 16:43:49.864 18739-18739 InputMethodManager      com.shopledger.india                 D  showSoftInput() view=com.getcapacitor.CapacitorWebView{40536f2 VFEDHVC.. .F...... 0,0-1080,2460 #7f080213 app:id/webview aid=1073741824} flags=0 reason=SHOW_SOFT_INPUT
2026-06-17 16:43:49.878 18739-18739 AssistStructure         com.shopledger.india                 I  Flattened final assist data: 15824 bytes, containing 1 windows, 20 views
2026-06-17 16:43:49.895 18739-20192 GPUAUX                  com.shopledger.india                 E  [AUX]GuiExtAuxCheckAuxPath:670: Null anb
2026-06-17 16:43:49.896 18739-20192 GPUAUX                  com.shopledger.india                 E  [AUX]GuiExtAuxCheckAuxPath:670: Null anb
2026-06-17 16:43:49.942 18739-22131 cr_AutofillHintsService com.shopledger.india                 E  onViewTypeAvailable  (Fix with AI)
                                                                                                    java.lang.NullPointerException: Attempt to get length of null array
                                                                                                    	at android.os.Parcel.createExceptionOrNull(Parcel.java:3095)
                                                                                                    	at android.os.Parcel.createException(Parcel.java:3073)
                                                                                                    	at android.os.Parcel.readException(Parcel.java:3056)
                                                                                                    	at android.os.Parcel.readException(Parcel.java:2998)
                                                                                                    	at WV.x11.l(chromium-SystemWebViewGoogle6432.aab-stable-777821503:59)
                                                                                                    	at WV.ke.onTransact(chromium-SystemWebViewGoogle6432.aab-stable-777821503:61)
                                                                                                    	at android.os.Binder.execTransactInternal(Binder.java:1344)
                                                                                                    	at android.os.Binder.execTransact(Binder.java:1275)
2026-06-17 16:43:50.009 18739-18739 InsetsController        com.shopledger.india                 D  show(ime(), fromIme=true)
2026-06-17 16:43:50.017 18739-18739 Capacitor/...oardPlugin com.shopledger.india                 V  Notifying listeners for event keyboardWillShow
2026-06-17 16:43:50.017 18739-18739 Capacitor/...oardPlugin com.shopledger.india                 D  No listeners found for event keyboardWillShow
2026-06-17 16:43:50.035 18739-20192 GPUAUX                  com.shopledger.india                 E  [AUX]GuiExtAuxCheckAuxPath:670: Null anb
2026-06-17 16:43:50.035 18739-20192 GPUAUX                  com.shopledger.india                 E  [AUX]GuiExtAuxCheckAuxPath:670: Null anb
2026-06-17 16:43:50.035 18739-20192 GPUAUX                  com.shopledger.india                 E  [AUX]GuiExtAuxCheckAuxPath:670: Null anb
2026-06-17 16:43:50.035 18739-20192 GPUAUX                  com.shopledger.india                 E  [AUX]GuiExtAuxCheckAuxPath:670: Null anb
2026-06-17 16:43:50.035 18739-20192 GPUAUX                  com.shopledger.india                 E  [AUX]GuiExtAuxCheckAuxPath:670: Null anb
2026-06-17 16:43:50.035 18739-20192 GPUAUX                  com.shopledger.india                 E  [AUX]GuiExtAuxCheckAuxPath:670: Null anb
2026-06-17 16:43:50.035 18739-20192 GPUAUX                  com.shopledger.india                 E  [AUX]GuiExtAuxCheckAuxPath:670: Null anb
2026-06-17 16:43:50.035 18739-20192 GPUAUX                  com.shopledger.india                 E  [AUX]GuiExtAuxCheckAuxPath:670: Null anb
2026-06-17 16:43:50.035 18739-20192 GPUAUX                  com.shopledger.india                 E  [AUX]GuiExtAuxCheckAuxPath:670: Null anb
2026-06-17 16:43:50.035 18739-20192 GPUAUX                  com.shopledger.india                 E  [AUX]GuiExtAuxCheckAuxPath:670: Null anb
2026-06-17 16:43:50.035 18739-20192 GPUAUX                  com.shopledger.india                 E  [AUX]GuiExtAuxCheckAuxPath:670: Null anb
2026-06-17 16:43:50.035 18739-20192 GPUAUX                  com.shopledger.india                 E  [AUX]GuiExtAuxCheckAuxPath:670: Null anb
2026-06-17 16:43:50.035 18739-20192 GPUAUX                  com.shopledger.india                 E  [AUX]GuiExtAuxCheckAuxPath:670: Null anb
2026-06-17 16:43:50.035 18739-20192 GPUAUX                  com.shopledger.india                 E  [AUX]GuiExtAuxCheckAuxPath:670: Null anb
2026-06-17 16:43:50.102 18739-20180 hopledger.india         com.shopledger.india                 W  Suspending all threads took: 5.755ms
2026-06-17 16:43:50.109 18739-20209 Capacitor               com.shopledger.india                 D  Handling local request: https://localhost/pwa-192x192.png
2026-06-17 16:43:50.133 18739-20245 hopledger.india         com.shopledger.india                 E  == MALI DEBUG ===BAD ALLOC from gles_texture_egl_image_get_2d_template err is 0
2026-06-17 16:43:50.149 18739-20180 hopledger.india         com.shopledger.india                 I  Background young concurrent mark compact GC freed 23MB AllocSpace bytes, 5(152KB) LOS objects, 80% free, 5806KB/29MB, paused 6.196ms,3.134ms total 106.187ms
2026-06-17 16:43:50.156 18739-20245 hopledger.india         com.shopledger.india                 E  == MALI DEBUG ===BAD ALLOC from gles_texture_egl_image_get_2d_template err is 0
2026-06-17 16:43:50.169 18739-20245 hopledger.india         com.shopledger.india                 E  == MALI DEBUG ===BAD ALLOC from gles_texture_egl_image_get_2d_template err is 0
2026-06-17 16:43:50.171 18739-20245 hopledger.india         com.shopledger.india                 E  == MALI DEBUG ===BAD ALLOC from gles_texture_egl_image_get_2d_template err is 0
2026-06-17 16:43:50.176 18739-20245 hopledger.india         com.shopledger.india                 E  == MALI DEBUG ===BAD ALLOC from gles_texture_egl_image_get_2d_template err is 0
2026-06-17 16:43:50.182 18739-20245 hopledger.india         com.shopledger.india                 E  == MALI DEBUG ===BAD ALLOC from gles_texture_egl_image_get_2d_template err is 0
2026-06-17 16:43:50.184 18739-20245 hopledger.india         com.shopledger.india                 E  == MALI DEBUG ===BAD ALLOC from gles_texture_egl_image_get_2d_template err is 0
2026-06-17 16:43:50.190 18739-20245 hopledger.india         com.shopledger.india                 E  == MALI DEBUG ===BAD ALLOC from gles_texture_egl_image_get_2d_template err is 0
2026-06-17 16:43:50.191 18739-20245 hopledger.india         com.shopledger.india                 E  == MALI DEBUG ===BAD ALLOC from gles_texture_egl_image_get_2d_template err is 0
2026-06-17 16:43:50.200 18739-20245 hopledger.india         com.shopledger.india                 E  == MALI DEBUG ===BAD ALLOC from gles_texture_egl_image_get_2d_template err is 0
2026-06-17 16:43:50.203 18739-20245 hopledger.india         com.shopledger.india                 E  == MALI DEBUG ===BAD ALLOC from gles_texture_egl_image_get_2d_template err is 0
2026-06-17 16:43:50.209 18739-20245 hopledger.india         com.shopledger.india                 E  == MALI DEBUG ===BAD ALLOC from gles_texture_egl_image_get_2d_template err is 0
2026-06-17 16:43:50.212 18739-20245 hopledger.india         com.shopledger.india                 E  == MALI DEBUG ===BAD ALLOC from gles_texture_egl_image_get_2d_template err is 0
2026-06-17 16:43:50.215 18739-20245 hopledger.india         com.shopledger.india                 E  == MALI DEBUG ===BAD ALLOC from gles_texture_egl_image_get_2d_template err is 0
2026-06-17 16:43:50.219 18739-20245 hopledger.india         com.shopledger.india                 E  == MALI DEBUG ===BAD ALLOC from gles_texture_egl_image_get_2d_template err is 0
2026-06-17 16:43:50.223 18739-20245 hopledger.india         com.shopledger.india                 E  == MALI DEBUG ===BAD ALLOC from gles_texture_egl_image_get_2d_template err is 0
2026-06-17 16:43:50.227 18739-20245 hopledger.india         com.shopledger.india                 E  == MALI DEBUG ===BAD ALLOC from gles_texture_egl_image_get_2d_template err is 0
2026-06-17 16:43:50.233 18739-20245 hopledger.india         com.shopledger.india                 E  == MALI DEBUG ===BAD ALLOC from gles_texture_egl_image_get_2d_template err is 0
2026-06-17 16:43:50.239 18739-20245 hopledger.india         com.shopledger.india                 E  == MALI DEBUG ===BAD ALLOC from gles_texture_egl_image_get_2d_template err is 0
2026-06-17 16:43:50.242 18739-20192 GPUAUX                  com.shopledger.india                 E  [AUX]GuiExtAuxCheckAuxPath:670: Null anb
2026-06-17 16:43:50.242 18739-20192 GPUAUX                  com.shopledger.india                 E  [AUX]GuiExtAuxCheckAuxPath:670: Null anb
2026-06-17 16:43:50.242 18739-20245 hopledger.india         com.shopledger.india                 E  == MALI DEBUG ===BAD ALLOC from gles_texture_egl_image_get_2d_template err is 0
2026-06-17 16:43:50.242 18739-20192 GPUAUX                  com.shopledger.india                 E  [AUX]GuiExtAuxCheckAuxPath:670: Null anb
2026-06-17 16:43:50.242 18739-20192 GPUAUX                  com.shopledger.india                 E  [AUX]GuiExtAuxCheckAuxPath:670: Null anb
2026-06-17 16:43:50.243 18739-20192 GPUAUX                  com.shopledger.india                 E  [AUX]GuiExtAuxCheckAuxPath:670: Null anb
2026-06-17 16:43:50.243 18739-20192 GPUAUX                  com.shopledger.india                 E  [AUX]GuiExtAuxCheckAuxPath:670: Null anb
2026-06-17 16:43:50.244 18739-20192 GPUAUX                  com.shopledger.india                 E  [AUX]GuiExtAuxCheckAuxPath:670: Null anb
2026-06-17 16:43:50.244 18739-20192 GPUAUX                  com.shopledger.india                 E  [AUX]GuiExtAuxCheckAuxPath:670: Null anb
2026-06-17 16:43:50.245 18739-20192 GPUAUX                  com.shopledger.india                 E  [AUX]GuiExtAuxCheckAuxPath:670: Null anb
2026-06-17 16:43:50.245 18739-20192 GPUAUX                  com.shopledger.india                 E  [AUX]GuiExtAuxCheckAuxPath:670: Null anb
2026-06-17 16:43:50.245 18739-20245 hopledger.india         com.shopledger.india                 E  == MALI DEBUG ===BAD ALLOC from gles_texture_egl_image_get_2d_template err is 0
2026-06-17 16:43:50.245 18739-20192 GPUAUX                  com.shopledger.india                 E  [AUX]GuiExtAuxCheckAuxPath:670: Null anb
2026-06-17 16:43:50.246 18739-20192 GPUAUX                  com.shopledger.india                 E  [AUX]GuiExtAuxCheckAuxPath:670: Null anb
2026-06-17 16:43:50.246 18739-20192 GPUAUX                  com.shopledger.india                 E  [AUX]GuiExtAuxCheckAuxPath:670: Null anb
2026-06-17 16:43:50.247 18739-20192 GPUAUX                  com.shopledger.india                 E  [AUX]GuiExtAuxCheckAuxPath:670: Null anb
2026-06-17 16:43:50.247 18739-20192 GPUAUX                  com.shopledger.india                 E  [AUX]GuiExtAuxCheckAuxPath:670: Null anb
2026-06-17 16:43:50.248 18739-20192 GPUAUX                  com.shopledger.india                 E  [AUX]GuiExtAuxCheckAuxPath:670: Null anb
2026-06-17 16:43:50.248 18739-20192 GPUAUX                  com.shopledger.india                 E  [AUX]GuiExtAuxCheckAuxPath:670: Null anb
2026-06-17 16:43:50.270 18739-20192 GPUAUX                  com.shopledger.india                 E  [AUX]GuiExtAuxCheckAuxPath:670: Null anb
2026-06-17 16:43:50.300 18739-20245 hopledger.india         com.shopledger.india                 E  == MALI DEBUG ===BAD ALLOC from gles_texture_egl_image_get_2d_template err is 0
2026-06-17 16:43:50.311 18739-20245 hopledger.india         com.shopledger.india                 E  == MALI DEBUG ===BAD ALLOC from gles_texture_egl_image_get_2d_template err is 0
2026-06-17 16:43:50.321 18739-20245 hopledger.india         com.shopledger.india                 E  == MALI DEBUG ===BAD ALLOC from gles_texture_egl_image_get_2d_template err is 0
2026-06-17 16:43:50.325 18739-20245 hopledger.india         com.shopledger.india                 E  == MALI DEBUG ===BAD ALLOC from gles_texture_egl_image_get_2d_template err is 0
2026-06-17 16:43:50.330 18739-20245 hopledger.india         com.shopledger.india                 E  == MALI DEBUG ===BAD ALLOC from gles_texture_egl_image_get_2d_template err is 0
2026-06-17 16:43:50.336 18739-20245 hopledger.india         com.shopledger.india                 E  == MALI DEBUG ===BAD ALLOC from gles_texture_egl_image_get_2d_template err is 0
2026-06-17 16:43:50.339 18739-20245 hopledger.india         com.shopledger.india                 E  == MALI DEBUG ===BAD ALLOC from gles_texture_egl_image_get_2d_template err is 0
2026-06-17 16:43:50.346 18739-20245 hopledger.india         com.shopledger.india                 E  == MALI DEBUG ===BAD ALLOC from gles_texture_egl_image_get_2d_template err is 0
2026-06-17 16:43:50.350 18739-20245 hopledger.india         com.shopledger.india                 E  == MALI DEBUG ===BAD ALLOC from gles_texture_egl_image_get_2d_template err is 0
2026-06-17 16:43:50.351 18739-20245 hopledger.india         com.shopledger.india                 E  == MALI DEBUG ===BAD ALLOC from gles_texture_egl_image_get_2d_template err is 0
2026-06-17 16:43:50.353 18739-20245 hopledger.india         com.shopledger.india                 E  == MALI DEBUG ===BAD ALLOC from gles_texture_egl_image_get_2d_template err is 0
2026-06-17 16:43:50.355 18739-20245 hopledger.india         com.shopledger.india                 E  == MALI DEBUG ===BAD ALLOC from gles_texture_egl_image_get_2d_template err is 0
2026-06-17 16:43:50.357 18739-20245 hopledger.india         com.shopledger.india                 E  == MALI DEBUG ===BAD ALLOC from gles_texture_egl_image_get_2d_template err is 0
2026-06-17 16:43:50.359 18739-20245 hopledger.india         com.shopledger.india                 E  == MALI DEBUG ===BAD ALLOC from gles_texture_egl_image_get_2d_template err is 0
2026-06-17 16:43:50.365 18739-20245 hopledger.india         com.shopledger.india                 E  == MALI DEBUG ===BAD ALLOC from gles_texture_egl_image_get_2d_template err is 0
2026-06-17 16:43:50.369 18739-20245 hopledger.india         com.shopledger.india                 E  == MALI DEBUG ===BAD ALLOC from gles_texture_egl_image_get_2d_template err is 0
2026-06-17 16:43:50.371 18739-20192 GPUAUX                  com.shopledger.india                 E  [AUX]GuiExtAuxCheckAuxPath:670: Null anb
2026-06-17 16:43:50.372 18739-20192 GPUAUX                  com.shopledger.india                 E  [AUX]GuiExtAuxCheckAuxPath:670: Null anb
2026-06-17 16:43:50.372 18739-20192 GPUAUX                  com.shopledger.india                 E  [AUX]GuiExtAuxCheckAuxPath:670: Null anb
2026-06-17 16:43:50.372 18739-20245 hopledger.india         com.shopledger.india                 E  == MALI DEBUG ===BAD ALLOC from gles_texture_egl_image_get_2d_template err is 0
2026-06-17 16:43:50.372 18739-20192 GPUAUX                  com.shopledger.india                 E  [AUX]GuiExtAuxCheckAuxPath:670: Null anb
2026-06-17 16:43:50.372 18739-20192 GPUAUX                  com.shopledger.india                 E  [AUX]GuiExtAuxCheckAuxPath:670: Null anb
2026-06-17 16:43:50.372 18739-20192 GPUAUX                  com.shopledger.india                 E  [AUX]GuiExtAuxCheckAuxPath:670: Null anb
2026-06-17 16:43:50.373 18739-20192 GPUAUX                  com.shopledger.india                 E  [AUX]GuiExtAuxCheckAuxPath:670: Null anb
2026-06-17 16:43:50.373 18739-20192 GPUAUX                  com.shopledger.india                 E  [AUX]GuiExtAuxCheckAuxPath:670: Null anb
2026-06-17 16:43:50.373 18739-20192 GPUAUX                  com.shopledger.india                 E  [AUX]GuiExtAuxCheckAuxPath:670: Null anb
2026-06-17 16:43:50.373 18739-20192 GPUAUX                  com.shopledger.india                 E  [AUX]GuiExtAuxCheckAuxPath:670: Null anb
2026-06-17 16:43:50.373 18739-20192 GPUAUX                  com.shopledger.india                 E  [AUX]GuiExtAuxCheckAuxPath:670: Null anb
2026-06-17 16:43:50.374 18739-20192 GPUAUX                  com.shopledger.india                 E  [AUX]GuiExtAuxCheckAuxPath:670: Null anb
2026-06-17 16:43:50.374 18739-20192 GPUAUX                  com.shopledger.india                 E  [AUX]GuiExtAuxCheckAuxPath:670: Null anb
2026-06-17 16:43:50.382 18739-20245 hopledger.india         com.shopledger.india                 E  == MALI DEBUG ===BAD ALLOC from gles_texture_egl_image_get_2d_template err is 0
2026-06-17 16:43:50.383 18739-18739 ImeTracker              com.shopledger.india                 I  com.shopledger.india:2bb0989a: onShown
2026-06-17 16:43:50.384 18739-18739 Capacitor/...oardPlugin com.shopledger.india                 V  Notifying listeners for event keyboardDidShow
2026-06-17 16:43:50.384 18739-18739 Capacitor/...oardPlugin com.shopledger.india                 D  No listeners found for event keyboardDidShow
2026-06-17 16:43:50.396 18739-20245 hopledger.india         com.shopledger.india                 E  == MALI DEBUG ===BAD ALLOC from gles_texture_egl_image_get_2d_template err is 0
2026-06-17 16:43:50.402 18739-20245 hopledger.india         com.shopledger.india                 E  == MALI DEBUG ===BAD ALLOC from gles_texture_egl_image_get_2d_template err is 0
2026-06-17 16:43:50.403 18739-20245 hopledger.india         com.shopledger.india                 E  == MALI DEBUG ===BAD ALLOC from gles_texture_egl_image_get_2d_template err is 0
2026-06-17 16:43:50.407 18739-20245 hopledger.india         com.shopledger.india                 E  == MALI DEBUG ===BAD ALLOC from gles_texture_egl_image_get_2d_template err is 0
2026-06-17 16:43:50.408 18739-20192 GPUAUX                  com.shopledger.india                 E  [AUX]GuiExtAuxCheckAuxPath:670: Null anb
2026-06-17 16:43:50.408 18739-20192 GPUAUX                  com.shopledger.india                 E  [AUX]GuiExtAuxCheckAuxPath:670: Null anb
2026-06-17 16:43:50.408 18739-20192 GPUAUX                  com.shopledger.india                 E  [AUX]GuiExtAuxCheckAuxPath:670: Null anb
2026-06-17 16:43:50.409 18739-20192 GPUAUX                  com.shopledger.india                 E  [AUX]GuiExtAuxCheckAuxPath:670: Null anb
2026-06-17 16:43:51.292 18739-20192 GPUAUX                  com.shopledger.india                 E  [AUX]GuiExtAuxCheckAuxPath:670: Null anb
2026-06-17 16:43:51.452 18739-18739 ScrollIdentify          com.shopledger.india                 I  on fling
2026-06-17 16:43:51.793 18739-18739 ImeTracker              com.shopledger.india                 I  com.shopledger.india:366b41e0: onRequestShow at ORIGIN_CLIENT_SHOW_SOFT_INPUT reason SHOW_SOFT_INPUT
2026-06-17 16:43:51.794 18739-18739 InputMethodManager      com.shopledger.india                 D  showSoftInput() view=com.getcapacitor.CapacitorWebView{40536f2 VFEDHVC.. .F...... 0,0-1080,1575 #7f080213 app:id/webview aid=1073741824} flags=0 reason=SHOW_SOFT_INPUT
2026-06-17 16:43:51.808 18739-18739 InsetsController        com.shopledger.india                 D  show(ime(), fromIme=true)
2026-06-17 16:43:51.808 18739-18739 ImeTracker              com.shopledger.india                 I  com.shopledger.india:366b41e0: onCancelled at PHASE_CLIENT_APPLY_ANIMATION
2026-06-17 16:43:52.418 18739-18739 ImeTracker              com.shopledger.india                 I  com.shopledger.india:df9aba1e: onRequestShow at ORIGIN_CLIENT_SHOW_SOFT_INPUT reason SHOW_SOFT_INPUT
2026-06-17 16:43:52.419 18739-18739 InputMethodManager      com.shopledger.india                 D  showSoftInput() view=com.getcapacitor.CapacitorWebView{40536f2 VFEDHVC.. .F...... 0,0-1080,1575 #7f080213 app:id/webview aid=1073741824} flags=0 reason=SHOW_SOFT_INPUT
2026-06-17 16:43:52.432 18739-18739 InsetsController        com.shopledger.india                 D  show(ime(), fromIme=true)
2026-06-17 16:43:52.433 18739-18739 ImeTracker              com.shopledger.india                 I  com.shopledger.india:df9aba1e: onCancelled at PHASE_CLIENT_APPLY_ANIMATION
2026-06-17 16:43:52.463 18739-20245 hopledger.india         com.shopledger.india                 E  == MALI DEBUG ===BAD ALLOC from gles_texture_egl_image_get_2d_template err is 0
2026-06-17 16:43:52.485 18739-20245 hopledger.india         com.shopledger.india                 E  == MALI DEBUG ===BAD ALLOC from gles_texture_egl_image_get_2d_template err is 0
2026-06-17 16:43:52.488 18739-20192 GPUAUX                  com.shopledger.india                 E  [AUX]GuiExtAuxCheckAuxPath:670: Null anb
2026-06-17 16:43:52.488 18739-20192 GPUAUX                  com.shopledger.india                 E  [AUX]GuiExtAuxCheckAuxPath:670: Null anb
2026-06-17 16:43:52.488 18739-20192 GPUAUX                  com.shopledger.india                 E  [AUX]GuiExtAuxCheckAuxPath:670: Null anb
2026-06-17 16:43:52.489 18739-20245 hopledger.india         com.shopledger.india                 E  == MALI DEBUG ===BAD ALLOC from gles_texture_egl_image_get_2d_template err is 0
2026-06-17 16:43:52.489 18739-20192 GPUAUX                  com.shopledger.india                 E  [AUX]GuiExtAuxCheckAuxPath:670: Null anb
2026-06-17 16:43:52.490 18739-20192 GPUAUX                  com.shopledger.india                 E  [AUX]GuiExtAuxCheckAuxPath:670: Null anb
2026-06-17 16:43:52.490 18739-20192 GPUAUX                  com.shopledger.india                 E  [AUX]GuiExtAuxCheckAuxPath:670: Null anb
2026-06-17 16:43:52.491 18739-20192 GPUAUX                  com.shopledger.india                 E  [AUX]GuiExtAuxCheckAuxPath:670: Null anb
2026-06-17 16:43:52.493 18739-20192 GPUAUX                  com.shopledger.india                 E  [AUX]GuiExtAuxCheckAuxPath:670: Null anb
2026-06-17 16:43:52.494 18739-20192 GPUAUX                  com.shopledger.india                 E  [AUX]GuiExtAuxCheckAuxPath:670: Null anb
2026-06-17 16:43:52.494 18739-20192 GPUAUX                  com.shopledger.india                 E  [AUX]GuiExtAuxCheckAuxPath:670: Null anb
2026-06-17 16:43:52.495 18739-20192 GPUAUX                  com.shopledger.india                 E  [AUX]GuiExtAuxCheckAuxPath:670: Null anb
2026-06-17 16:43:52.495 18739-20192 GPUAUX                  com.shopledger.india                 E  [AUX]GuiExtAuxCheckAuxPath:670: Null anb
2026-06-17 16:43:52.495 18739-20192 GPUAUX                  com.shopledger.india                 E  [AUX]GuiExtAuxCheckAuxPath:670: Null anb
2026-06-17 16:43:52.996 18739-18739 InputMethodManager      com.shopledger.india                 D  invalidateInput sessionid: 0
2026-06-17 16:43:53.004 18739-18739 ImeTracker              com.shopledger.india                 I  com.shopledger.india:5e27962d: onRequestShow at ORIGIN_CLIENT_SHOW_SOFT_INPUT reason SHOW_SOFT_INPUT
2026-06-17 16:43:53.007 18739-18739 InputMethodManager      com.shopledger.india                 D  showSoftInput() view=com.getcapacitor.CapacitorWebView{40536f2 VFEDHVC.. .F...... 0,0-1080,1575 #7f080213 app:id/webview aid=1073741824} flags=0 reason=SHOW_SOFT_INPUT
2026-06-17 16:43:53.019 18739-18739 AssistStructure         com.shopledger.india                 I  Flattened final assist data: 15824 bytes, containing 1 windows, 20 views
2026-06-17 16:43:53.042 18739-20192 GPUAUX                  com.shopledger.india                 E  [AUX]GuiExtAuxCheckAuxPath:670: Null anb
2026-06-17 16:43:53.042 18739-20192 GPUAUX                  com.shopledger.india                 E  [AUX]GuiExtAuxCheckAuxPath:670: Null anb
2026-06-17 16:43:53.042 18739-20192 GPUAUX                  com.shopledger.india                 E  [AUX]GuiExtAuxCheckAuxPath:670: Null anb
2026-06-17 16:43:53.059 18739-18739 InsetsController        com.shopledger.india                 D  show(ime(), fromIme=true)
2026-06-17 16:43:53.059 18739-18739 ImeTracker              com.shopledger.india                 I  com.shopledger.india:b2e23f49: onCancelled at PHASE_CLIENT_APPLY_ANIMATION
2026-06-17 16:43:53.064 18739-20187 cr_AutofillHintsService com.shopledger.india                 E  onViewTypeAvailable  (Fix with AI)
                                                                                                    java.lang.NullPointerException: Attempt to get length of null array
                                                                                                    	at android.os.Parcel.createExceptionOrNull(Parcel.java:3095)
                                                                                                    	at android.os.Parcel.createException(Parcel.java:3073)
                                                                                                    	at android.os.Parcel.readException(Parcel.java:3056)
                                                                                                    	at android.os.Parcel.readException(Parcel.java:2998)
                                                                                                    	at WV.x11.l(chromium-SystemWebViewGoogle6432.aab-stable-777821503:59)
                                                                                                    	at WV.ke.onTransact(chromium-SystemWebViewGoogle6432.aab-stable-777821503:61)
                                                                                                    	at android.os.Binder.execTransactInternal(Binder.java:1344)
                                                                                                    	at android.os.Binder.execTransact(Binder.java:1275)
2026-06-17 16:43:53.066 18739-18739 InsetsController        com.shopledger.india                 D  show(ime(), fromIme=true)
2026-06-17 16:43:53.067 18739-18739 ImeTracker              com.shopledger.india                 I  com.shopledger.india:5e27962d: onCancelled at PHASE_CLIENT_APPLY_ANIMATION
2026-06-17 16:43:53.559 18739-18739 ImeTracker              com.shopledger.india                 I  com.shopledger.india:f16063d3: onRequestShow at ORIGIN_CLIENT_SHOW_SOFT_INPUT reason SHOW_SOFT_INPUT
2026-06-17 16:43:53.560 18739-18739 InputMethodManager      com.shopledger.india                 D  showSoftInput() view=com.getcapacitor.CapacitorWebView{40536f2 VFEDHVC.. .F...... 0,0-1080,1575 #7f080213 app:id/webview aid=1073741824} flags=0 reason=SHOW_SOFT_INPUT
2026-06-17 16:43:53.570 18739-18739 InsetsController        com.shopledger.india                 D  show(ime(), fromIme=true)
2026-06-17 16:43:53.571 18739-18739 ImeTracker              com.shopledger.india                 I  com.shopledger.india:f16063d3: onCancelled at PHASE_CLIENT_APPLY_ANIMATION
2026-06-17 16:43:54.081 18739-20192 GPUAUX                  com.shopledger.india                 E  [AUX]GuiExtAuxCheckAuxPath:670: Null anb
2026-06-17 16:43:54.239 18739-18739 ScrollIdentify          com.shopledger.india                 I  on fling
2026-06-17 16:43:54.564 18739-18739 InputMethodManager      com.shopledger.india                 D  invalidateInput sessionid: 0
2026-06-17 16:43:54.574 18739-18739 ImeTracker              com.shopledger.india                 I  com.shopledger.india:50b23432: onRequestShow at ORIGIN_CLIENT_SHOW_SOFT_INPUT reason SHOW_SOFT_INPUT
2026-06-17 16:43:54.574 18739-18739 InputMethodManager      com.shopledger.india                 D  showSoftInput() view=com.getcapacitor.CapacitorWebView{40536f2 VFEDHVC.. .F...... 0,0-1080,1575 #7f080213 app:id/webview aid=1073741824} flags=0 reason=SHOW_SOFT_INPUT
2026-06-17 16:43:54.581 18739-18739 AssistStructure         com.shopledger.india                 I  Flattened final assist data: 15824 bytes, containing 1 windows, 20 views
2026-06-17 16:43:54.598 18739-20192 GPUAUX                  com.shopledger.india                 E  [AUX]GuiExtAuxCheckAuxPath:670: Null anb
2026-06-17 16:43:54.599 18739-20192 GPUAUX                  com.shopledger.india                 E  [AUX]GuiExtAuxCheckAuxPath:670: Null anb
2026-06-17 16:43:54.617 18739-22131 cr_AutofillHintsService com.shopledger.india                 E  onViewTypeAvailable  (Fix with AI)
                                                                                                    java.lang.NullPointerException: Attempt to get length of null array
                                                                                                    	at android.os.Parcel.createExceptionOrNull(Parcel.java:3095)
                                                                                                    	at android.os.Parcel.createException(Parcel.java:3073)
                                                                                                    	at android.os.Parcel.readException(Parcel.java:3056)
                                                                                                    	at android.os.Parcel.readException(Parcel.java:2998)
                                                                                                    	at WV.x11.l(chromium-SystemWebViewGoogle6432.aab-stable-777821503:59)
                                                                                                    	at WV.ke.onTransact(chromium-SystemWebViewGoogle6432.aab-stable-777821503:61)
                                                                                                    	at android.os.Binder.execTransactInternal(Binder.java:1344)
                                                                                                    	at android.os.Binder.execTransact(Binder.java:1275)
2026-06-17 16:43:54.634 18739-18739 InsetsController        com.shopledger.india                 D  show(ime(), fromIme=true)
2026-06-17 16:43:54.634 18739-18739 ImeTracker              com.shopledger.india                 I  com.shopledger.india:471a71a4: onCancelled at PHASE_CLIENT_APPLY_ANIMATION
2026-06-17 16:43:54.645 18739-18739 InsetsController        com.shopledger.india                 D  show(ime(), fromIme=true)
2026-06-17 16:43:54.646 18739-18739 ImeTracker              com.shopledger.india                 I  com.shopledger.india:50b23432: onCancelled at PHASE_CLIENT_APPLY_ANIMATION
2026-06-17 16:43:55.246 18739-18739 ScrollIdentify          com.shopledger.india                 I  on fling
2026-06-17 16:43:55.253 18739-20192 GPUAUX                  com.shopledger.india                 E  [AUX]GuiExtAuxCheckAuxPath:670: Null anb
2026-06-17 16:43:55.627 18739-18739 ScrollIdentify          com.shopledger.india                 I  on fling
2026-06-17 16:43:56.047 18739-18739 ScrollIdentify          com.shopledger.india                 I  on fling
2026-06-17 16:43:56.510 18739-18739 ImeTracker              com.shopledger.india                 I  com.shopledger.india:13d1cd11: onRequestHide at ORIGIN_CLIENT_HIDE_SOFT_INPUT reason HIDE_SOFT_INPUT
2026-06-17 16:43:56.521 18739-18739 WindowOnBackDispatcher  com.shopledger.india                 W  sendCancelIfRunning: isInProgress=falsecallback=ImeCallback=ImeOnBackInvokedCallback@249892454 Callback=android.window.IOnBackInvokedCallback$Stub$Proxy@caa2ae6
2026-06-17 16:43:56.532 18739-18739 Capacitor/...oardPlugin com.shopledger.india                 V  Notifying listeners for event keyboardWillHide
2026-06-17 16:43:56.532 18739-18739 Capacitor/...oardPlugin com.shopledger.india                 D  No listeners found for event keyboardWillHide
2026-06-17 16:43:56.536 18739-20192 GPUAUX                  com.shopledger.india                 E  [AUX]GuiExtAuxCheckAuxPath:670: Null anb
2026-06-17 16:43:56.536 18739-20192 GPUAUX                  com.shopledger.india                 E  [AUX]GuiExtAuxCheckAuxPath:670: Null anb
2026-06-17 16:43:56.536 18739-20192 GPUAUX                  com.shopledger.india                 E  [AUX]GuiExtAuxCheckAuxPath:670: Null anb
2026-06-17 16:43:56.536 18739-20192 GPUAUX                  com.shopledger.india                 E  [AUX]GuiExtAuxCheckAuxPath:670: Null anb
2026-06-17 16:43:56.537 18739-20192 GPUAUX                  com.shopledger.india                 E  [AUX]GuiExtAuxCheckAuxPath:670: Null anb
2026-06-17 16:43:56.537 18739-20192 GPUAUX                  com.shopledger.india                 E  [AUX]GuiExtAuxCheckAuxPath:670: Null anb
2026-06-17 16:43:56.537 18739-20192 GPUAUX                  com.shopledger.india                 E  [AUX]GuiExtAuxCheckAuxPath:670: Null anb
2026-06-17 16:43:56.537 18739-20192 GPUAUX                  com.shopledger.india                 E  [AUX]GuiExtAuxCheckAuxPath:670: Null anb
2026-06-17 16:43:56.540 18739-20209 Capacitor               com.shopledger.india                 D  Handling local request: https://localhost/pwa-192x192.png
2026-06-17 16:43:56.566 18739-20245 hopledger.india         com.shopledger.india                 E  == MALI DEBUG ===BAD ALLOC from gles_texture_egl_image_get_2d_template err is 0
2026-06-17 16:43:56.576 18739-20245 hopledger.india         com.shopledger.india                 E  == MALI DEBUG ===BAD ALLOC from gles_texture_egl_image_get_2d_template err is 0
2026-06-17 16:43:56.587 18739-20245 hopledger.india         com.shopledger.india                 E  == MALI DEBUG ===BAD ALLOC from gles_texture_egl_image_get_2d_template err is 0
2026-06-17 16:43:56.599 18739-20245 hopledger.india         com.shopledger.india                 E  == MALI DEBUG ===BAD ALLOC from gles_texture_egl_image_get_2d_template err is 0
2026-06-17 16:43:56.610 18739-20245 hopledger.india         com.shopledger.india                 E  == MALI DEBUG ===BAD ALLOC from gles_texture_egl_image_get_2d_template err is 0
2026-06-17 16:43:56.614 18739-20245 hopledger.india         com.shopledger.india                 E  == MALI DEBUG ===BAD ALLOC from gles_texture_egl_image_get_2d_template err is 0
2026-06-17 16:43:56.623 18739-20192 GPUAUX                  com.shopledger.india                 E  [AUX]GuiExtAuxCheckAuxPath:670: Null anb
2026-06-17 16:43:56.623 18739-20192 GPUAUX                  com.shopledger.india                 E  [AUX]GuiExtAuxCheckAuxPath:670: Null anb
2026-06-17 16:43:56.623 18739-20192 GPUAUX                  com.shopledger.india                 E  [AUX]GuiExtAuxCheckAuxPath:670: Null anb
2026-06-17 16:43:56.623 18739-20192 GPUAUX                  com.shopledger.india                 E  [AUX]GuiExtAuxCheckAuxPath:670: Null anb
2026-06-17 16:43:56.623 18739-20192 GPUAUX                  com.shopledger.india                 E  [AUX]GuiExtAuxCheckAuxPath:670: Null anb
