2026-06-17 16:43:24.366 18739-18739 ImeTracker              com.shopledger.india                 I  com.shopledger.india:616338e: onRequestHide at ORIGIN_CLIENT_HIDE_SOFT_INPUT reason HIDE_SOFT_INPUT
2026-06-17 16:43:24.371 18739-21515 RemoteInpu...ectionImpl com.shopledger.india                 W  requestCursorAnchorInfo on inactive InputConnection
2026-06-17 16:43:24.375 18739-18739 WindowOnBackDispatcher  com.shopledger.india                 W  sendCancelIfRunning: isInProgress=falsecallback=ImeCallback=ImeOnBackInvokedCallback@249892454 Callback=android.window.IOnBackInvokedCallback$Stub$Proxy@8a09c4d
2026-06-17 16:43:24.391 18739-18739 Capacitor/...oardPlugin com.shopledger.india                 V  Notifying listeners for event keyboardWillHide
2026-06-17 16:43:24.391 18739-18739 Capacitor/...oardPlugin com.shopledger.india                 D  No listeners found for event keyboardWillHide
2026-06-17 16:43:24.397 18739-20209 Capacitor               com.shopledger.india                 D  Handling local request: https://localhost/pwa-192x192.png
2026-06-17 16:43:24.404 18739-20245 hopledger.india         com.shopledger.india                 E  == MALI DEBUG ===BAD ALLOC from gles_texture_egl_image_get_2d_template err is 0
2026-06-17 16:43:24.412 18739-20245 hopledger.india         com.shopledger.india                 E  == MALI DEBUG ===BAD ALLOC from gles_texture_egl_image_get_2d_template err is 0
2026-06-17 16:43:24.425 18739-20192 GPUAUX                  com.shopledger.india                 E  [AUX]GuiExtAuxCheckAuxPath:670: Null anb
2026-06-17 16:43:24.425 18739-20192 GPUAUX                  com.shopledger.india                 E  [AUX]GuiExtAuxCheckAuxPath:670: Null anb
2026-06-17 16:43:24.425 18739-20192 GPUAUX                  com.shopledger.india                 E  [AUX]GuiExtAuxCheckAuxPath:670: Null anb
2026-06-17 16:43:24.425 18739-20192 GPUAUX                  com.shopledger.india                 E  [AUX]GuiExtAuxCheckAuxPath:670: Null anb
2026-06-17 16:43:24.425 18739-20192 GPUAUX                  com.shopledger.india                 E  [AUX]GuiExtAuxCheckAuxPath:670: Null anb
2026-06-17 16:43:24.425 18739-20192 GPUAUX                  com.shopledger.india                 E  [AUX]GuiExtAuxCheckAuxPath:670: Null anb
2026-06-17 16:43:24.425 18739-20192 GPUAUX                  com.shopledger.india                 E  [AUX]GuiExtAuxCheckAuxPath:670: Null anb
2026-06-17 16:43:24.425 18739-20192 GPUAUX                  com.shopledger.india                 E  [AUX]GuiExtAuxCheckAuxPath:670: Null anb
2026-06-17 16:43:24.425 18739-20192 GPUAUX                  com.shopledger.india                 E  [AUX]GuiExtAuxCheckAuxPath:670: Null anb
2026-06-17 16:43:24.425 18739-20192 GPUAUX                  com.shopledger.india                 E  [AUX]GuiExtAuxCheckAuxPath:670: Null anb
2026-06-17 16:43:24.425 18739-20192 GPUAUX                  com.shopledger.india                 E  [AUX]GuiExtAuxCheckAuxPath:670: Null anb
2026-06-17 16:43:24.425 18739-20192 GPUAUX                  com.shopledger.india                 E  [AUX]GuiExtAuxCheckAuxPath:670: Null anb
2026-06-17 16:43:24.425 18739-20192 GPUAUX                  com.shopledger.india                 E  [AUX]GuiExtAuxCheckAuxPath:670: Null anb
2026-06-17 16:43:24.425 18739-20192 GPUAUX                  com.shopledger.india                 E  [AUX]GuiExtAuxCheckAuxPath:670: Null anb
2026-06-17 16:43:24.425 18739-20192 GPUAUX                  com.shopledger.india                 E  [AUX]GuiExtAuxCheckAuxPath:670: Null anb
2026-06-17 16:43:24.425 18739-20192 GPUAUX                  com.shopledger.india                 E  [AUX]GuiExtAuxCheckAuxPath:670: Null anb
2026-06-17 16:43:24.425 18739-20192 GPUAUX                  com.shopledger.india                 E  [AUX]GuiExtAuxCheckAuxPath:670: Null anb
2026-06-17 16:43:24.425 18739-20192 GPUAUX                  com.shopledger.india                 E  [AUX]GuiExtAuxCheckAuxPath:670: Null anb
2026-06-17 16:43:24.425 18739-20192 GPUAUX                  com.shopledger.india                 E  [AUX]GuiExtAuxCheckAuxPath:670: Null anb
2026-06-17 16:43:24.425 18739-20192 GPUAUX                  com.shopledger.india                 E  [AUX]GuiExtAuxCheckAuxPath:670: Null anb
2026-06-17 16:43:24.425 18739-20192 GPUAUX                  com.shopledger.india                 E  [AUX]GuiExtAuxCheckAuxPath:670: Null anb
2026-06-17 16:43:24.434 18739-20245 hopledger.india         com.shopledger.india                 E  == MALI DEBUG ===BAD ALLOC from gles_texture_egl_image_get_2d_template err is 0
2026-06-17 16:43:24.446 18739-20245 hopledger.india         com.shopledger.india                 E  == MALI DEBUG ===BAD ALLOC from gles_texture_egl_image_get_2d_template err is 0
2026-06-17 16:43:24.452 18739-20245 hopledger.india         com.shopledger.india                 E  == MALI DEBUG ===BAD ALLOC from gles_texture_egl_image_get_2d_template err is 0
2026-06-17 16:43:24.461 18739-20245 hopledger.india         com.shopledger.india                 E  == MALI DEBUG ===BAD ALLOC from gles_texture_egl_image_get_2d_template err is 0
2026-06-17 16:43:24.465 18739-20245 hopledger.india         com.shopledger.india                 E  == MALI DEBUG ===BAD ALLOC from gles_texture_egl_image_get_2d_template err is 0
2026-06-17 16:43:24.472 18739-20245 hopledger.india         com.shopledger.india                 E  == MALI DEBUG ===BAD ALLOC from gles_texture_egl_image_get_2d_template err is 0
2026-06-17 16:43:24.475 18739-20245 hopledger.india         com.shopledger.india                 E  == MALI DEBUG ===BAD ALLOC from gles_texture_egl_image_get_2d_template err is 0
2026-06-17 16:43:24.479 18739-20245 hopledger.india         com.shopledger.india                 E  == MALI DEBUG ===BAD ALLOC from gles_texture_egl_image_get_2d_template err is 0
2026-06-17 16:43:24.482 18739-20245 hopledger.india         com.shopledger.india                 E  == MALI DEBUG ===BAD ALLOC from gles_texture_egl_image_get_2d_template err is 0
2026-06-17 16:43:24.485 18739-20245 hopledger.india         com.shopledger.india                 E  == MALI DEBUG ===BAD ALLOC from gles_texture_egl_image_get_2d_template err is 0
2026-06-17 16:43:24.490 18739-20245 hopledger.india         com.shopledger.india                 E  == MALI DEBUG ===BAD ALLOC from gles_texture_egl_image_get_2d_template err is 0
2026-06-17 16:43:24.491 18739-20245 hopledger.india         com.shopledger.india                 E  == MALI DEBUG ===BAD ALLOC from gles_texture_egl_image_get_2d_template err is 0
2026-06-17 16:43:24.494 18739-20245 hopledger.india         com.shopledger.india                 E  == MALI DEBUG ===BAD ALLOC from gles_texture_egl_image_get_2d_template err is 0
2026-06-17 16:43:24.497 18739-20245 hopledger.india         com.shopledger.india                 E  == MALI DEBUG ===BAD ALLOC from gles_texture_egl_image_get_2d_template err is 0
2026-06-17 16:43:24.500 18739-20245 hopledger.india         com.shopledger.india                 E  == MALI DEBUG ===BAD ALLOC from gles_texture_egl_image_get_2d_template err is 0
2026-06-17 16:43:24.502 18739-20245 hopledger.india         com.shopledger.india                 E  == MALI DEBUG ===BAD ALLOC from gles_texture_egl_image_get_2d_template err is 0
2026-06-17 16:43:24.504 18739-20245 hopledger.india         com.shopledger.india                 E  == MALI DEBUG ===BAD ALLOC from gles_texture_egl_image_get_2d_template err is 0
2026-06-17 16:43:24.515 18739-20245 hopledger.india         com.shopledger.india                 E  == MALI DEBUG ===BAD ALLOC from gles_texture_egl_image_get_2d_template err is 0
2026-06-17 16:43:24.519 18739-20245 hopledger.india         com.shopledger.india                 E  == MALI DEBUG ===BAD ALLOC from gles_texture_egl_image_get_2d_template err is 0
2026-06-17 16:43:24.521 18739-20192 GPUAUX                  com.shopledger.india                 E  [AUX]GuiExtAuxCheckAuxPath:670: Null anb
2026-06-17 16:43:24.521 18739-20192 GPUAUX                  com.shopledger.india                 E  [AUX]GuiExtAuxCheckAuxPath:670: Null anb
2026-06-17 16:43:24.521 18739-20192 GPUAUX                  com.shopledger.india                 E  [AUX]GuiExtAuxCheckAuxPath:670: Null anb
2026-06-17 16:43:24.521 18739-20192 GPUAUX                  com.shopledger.india                 E  [AUX]GuiExtAuxCheckAuxPath:670: Null anb
2026-06-17 16:43:24.521 18739-20192 GPUAUX                  com.shopledger.india                 E  [AUX]GuiExtAuxCheckAuxPath:670: Null anb
2026-06-17 16:43:24.521 18739-20192 GPUAUX                  com.shopledger.india                 E  [AUX]GuiExtAuxCheckAuxPath:670: Null anb
2026-06-17 16:43:24.521 18739-20192 GPUAUX                  com.shopledger.india                 E  [AUX]GuiExtAuxCheckAuxPath:670: Null anb
2026-06-17 16:43:24.521 18739-20192 GPUAUX                  com.shopledger.india                 E  [AUX]GuiExtAuxCheckAuxPath:670: Null anb
2026-06-17 16:43:24.521 18739-20192 GPUAUX                  com.shopledger.india                 E  [AUX]GuiExtAuxCheckAuxPath:670: Null anb
2026-06-17 16:43:24.521 18739-20192 GPUAUX                  com.shopledger.india                 E  [AUX]GuiExtAuxCheckAuxPath:670: Null anb
2026-06-17 16:43:24.521 18739-20192 GPUAUX                  com.shopledger.india                 E  [AUX]GuiExtAuxCheckAuxPath:670: Null anb
2026-06-17 16:43:24.521 18739-20192 GPUAUX                  com.shopledger.india                 E  [AUX]GuiExtAuxCheckAuxPath:670: Null anb
2026-06-17 16:43:24.521 18739-20192 GPUAUX                  com.shopledger.india                 E  [AUX]GuiExtAuxCheckAuxPath:670: Null anb
2026-06-17 16:43:24.521 18739-20192 GPUAUX                  com.shopledger.india                 E  [AUX]GuiExtAuxCheckAuxPath:670: Null anb
2026-06-17 16:43:24.522 18739-20192 GPUAUX                  com.shopledger.india                 E  [AUX]GuiExtAuxCheckAuxPath:670: Null anb
2026-06-17 16:43:24.522 18739-20192 GPUAUX                  com.shopledger.india                 E  [AUX]GuiExtAuxCheckAuxPath:670: Null anb
2026-06-17 16:43:24.522 18739-20192 GPUAUX                  com.shopledger.india                 E  [AUX]GuiExtAuxCheckAuxPath:670: Null anb
2026-06-17 16:43:24.522 18739-20192 GPUAUX                  com.shopledger.india                 E  [AUX]GuiExtAuxCheckAuxPath:670: Null anb
2026-06-17 16:43:24.522 18739-20192 GPUAUX                  com.shopledger.india                 E  [AUX]GuiExtAuxCheckAuxPath:670: Null anb
2026-06-17 16:43:24.686 18739-18739 ImeTracker              com.shopledger.india                 I  com.shopledger.india:3a2e4d16: onRequestHide at ORIGIN_CLIENT_HIDE_SOFT_INPUT reason HIDE_SOFT_INPUT_BY_INSETS_API
2026-06-17 16:43:24.689 18739-18739 ImeTracker              com.shopledger.india                 I  com.shopledger.india:616338e: onHidden
2026-06-17 16:43:24.690 18739-18739 Capacitor/...oardPlugin com.shopledger.india                 V  Notifying listeners for event keyboardDidHide
2026-06-17 16:43:24.690 18739-18739 Capacitor/...oardPlugin com.shopledger.india                 D  No listeners found for event keyboardDidHide
2026-06-17 16:43:24.701 18739-20245 hopledger.india         com.shopledger.india                 E  == MALI DEBUG ===BAD ALLOC from gles_texture_egl_image_get_2d_template err is 0
2026-06-17 16:43:24.704 18739-20192 GPUAUX                  com.shopledger.india                 E  [AUX]GuiExtAuxCheckAuxPath:670: Null anb
2026-06-17 16:43:25.002 18739-18739 ScrollIdentify          com.shopledger.india                 I  on fling
2026-06-17 16:43:25.994 18739-18739 TranClassInfo           com.shopledger.india                 D  instance successfully. com.transsion.hubcore.widget.TranPopupWindowImpl@5fe9298 from com.transsion.hubcore.widget.ITranPopupWindow
2026-06-17 16:43:25.994 18739-18739 TranClassInfo           com.shopledger.india                 D  instance successfully. com.transsion.hubcore.spdopts.magellan.implement.TranPopupWindowMagellanImpl@79eeaf1 from com.transsion.hubcore.magellan.ITranMagellanPopupWindowComponent
2026-06-17 16:43:26.003 18739-18739 Compatibil...geReporter com.shopledger.india                 D  Compat change id reported: 210923482; UID 10497; state: ENABLED
2026-06-17 16:43:26.048 18739-18739 VRI[PopupWindow:8abaae] com.shopledger.india                 D  hardware acceleration = true, forceHwAccelerated = false
2026-06-17 16:43:26.049 18739-18739 ViewRootImpl            com.shopledger.india                 D  setView appearance:0 PopupWindow:8abaae
2026-06-17 16:43:26.058 18739-18739 InputTransport          com.shopledger.india                 D  Create ARC handle: 0xb400006dda70a280
2026-06-17 16:43:26.058 18739-18739 InputEventReceiver      com.shopledger.india                 D  Input log is disabled in InputEventReceiver.
2026-06-17 16:43:26.058 18739-18739 InputTransport          com.shopledger.india                 D  Input log is disabled in InputChannel.
2026-06-17 16:43:26.059 18739-18739 InputMethodManager      com.shopledger.india                 D  invalidateInput sessionid: 0
2026-06-17 16:43:26.065 18739-18739 ImeTracker              com.shopledger.india                 I  com.shopledger.india:932cc32: onRequestShow at ORIGIN_CLIENT_SHOW_SOFT_INPUT reason SHOW_SOFT_INPUT
2026-06-17 16:43:26.066 18739-18739 InputMethodManager      com.shopledger.india                 D  showSoftInput() view=com.getcapacitor.CapacitorWebView{40536f2 VFEDHVC.. .F....ID 0,0-1080,2460 #7f080213 app:id/webview aid=1073741824} flags=0 reason=SHOW_SOFT_INPUT
2026-06-17 16:43:26.092 18739-18739 View                    com.shopledger.india                 D  [Warning] assignParent to null: this = android.widget.PopupWindow$PopupDecorView{127ece5 V.E...... R.....I. 0,0-0,0}
2026-06-17 16:43:26.104 18739-18739 InputTransport          com.shopledger.india                 D  Destroy ARC handle: 0xb400006dda70a280
2026-06-17 16:43:26.108 18739-18739 VRI[PopupWindow:8abaae] com.shopledger.india                 D  hardware acceleration = true, forceHwAccelerated = false
2026-06-17 16:43:26.108 18739-18739 ViewRootImpl            com.shopledger.india                 D  setView appearance:0 PopupWindow:8abaae
2026-06-17 16:43:26.116 18739-18739 InputTransport          com.shopledger.india                 D  Create ARC handle: 0xb400006dda7091a0
2026-06-17 16:43:26.116 18739-18739 InputEventReceiver      com.shopledger.india                 D  Input log is disabled in InputEventReceiver.
2026-06-17 16:43:26.116 18739-18739 InputTransport          com.shopledger.india                 D  Input log is disabled in InputChannel.
2026-06-17 16:43:26.124 18739-20192 GPUAUX                  com.shopledger.india                 E  [AUX]GuiExtAuxCheckAuxPath:670: Null anb
2026-06-17 16:43:26.145 18739-18739 BufferQueueConsumer     com.shopledger.india                 D  [](id:493300000001,api:0,p:-1,c:18739) connect: controlledByApp=false
2026-06-17 16:43:26.151 18739-20192 OpenGLRenderer          com.shopledger.india                 E  Unable to match the desired swap behavior.
2026-06-17 16:43:26.197 18739-20192 BLASTBufferQueue        com.shopledger.india                 D  [VRI[PopupWindow:8abaae]#1](f:0,a:1) acquireNextBufferLocked size=519x822 mFrameNumber=1 applyTransaction=true mTimestamp=37278776280760(auto) mPendingTransactions.size=0 graphicBufferId=80483392159759 transform=0
2026-06-17 16:43:26.221 18739-18739 InsetsController        com.shopledger.india                 D  show(ime(), fromIme=true)
2026-06-17 16:43:26.231 18739-18739 Capacitor/...oardPlugin com.shopledger.india                 V  Notifying listeners for event keyboardWillShow
2026-06-17 16:43:26.231 18739-18739 Capacitor/...oardPlugin com.shopledger.india                 D  No listeners found for event keyboardWillShow
2026-06-17 16:43:26.234 18739-20192 GPUAUX                  com.shopledger.india                 E  [AUX]GuiExtAuxCheckAuxPath:670: Null anb
2026-06-17 16:43:26.235 18739-20192 GPUAUX                  com.shopledger.india                 E  [AUX]GuiExtAuxCheckAuxPath:670: Null anb
2026-06-17 16:43:26.235 18739-20192 GPUAUX                  com.shopledger.india                 E  [AUX]GuiExtAuxCheckAuxPath:670: Null anb
2026-06-17 16:43:26.235 18739-20192 GPUAUX                  com.shopledger.india                 E  [AUX]GuiExtAuxCheckAuxPath:670: Null anb
2026-06-17 16:43:26.235 18739-20192 GPUAUX                  com.shopledger.india                 E  [AUX]GuiExtAuxCheckAuxPath:670: Null anb
2026-06-17 16:43:26.235 18739-20192 GPUAUX                  com.shopledger.india                 E  [AUX]GuiExtAuxCheckAuxPath:670: Null anb
2026-06-17 16:43:26.235 18739-20192 GPUAUX                  com.shopledger.india                 E  [AUX]GuiExtAuxCheckAuxPath:670: Null anb
2026-06-17 16:43:26.235 18739-20192 GPUAUX                  com.shopledger.india                 E  [AUX]GuiExtAuxCheckAuxPath:670: Null anb
2026-06-17 16:43:26.235 18739-20192 GPUAUX                  com.shopledger.india                 E  [AUX]GuiExtAuxCheckAuxPath:670: Null anb
2026-06-17 16:43:26.235 18739-20192 GPUAUX                  com.shopledger.india                 E  [AUX]GuiExtAuxCheckAuxPath:670: Null anb
2026-06-17 16:43:26.235 18739-20192 GPUAUX                  com.shopledger.india                 E  [AUX]GuiExtAuxCheckAuxPath:670: Null anb
2026-06-17 16:43:26.235 18739-20192 GPUAUX                  com.shopledger.india                 E  [AUX]GuiExtAuxCheckAuxPath:670: Null anb
2026-06-17 16:43:26.235 18739-20192 GPUAUX                  com.shopledger.india                 E  [AUX]GuiExtAuxCheckAuxPath:670: Null anb
2026-06-17 16:43:26.235 18739-20192 GPUAUX                  com.shopledger.india                 E  [AUX]GuiExtAuxCheckAuxPath:670: Null anb
2026-06-17 16:43:26.267 18739-20245 hopledger.india         com.shopledger.india                 E  == MALI DEBUG ===BAD ALLOC from gles_texture_egl_image_get_2d_template err is 0
2026-06-17 16:43:26.277 18739-20245 hopledger.india         com.shopledger.india                 E  == MALI DEBUG ===BAD ALLOC from gles_texture_egl_image_get_2d_template err is 0
2026-06-17 16:43:26.278 18739-20245 hopledger.india         com.shopledger.india                 E  == MALI DEBUG ===BAD ALLOC from gles_texture_egl_image_get_2d_template err is 0
2026-06-17 16:43:26.286 18739-20209 Capacitor               com.shopledger.india                 D  Handling local request: https://localhost/pwa-192x192.png
2026-06-17 16:43:26.290 18739-20245 hopledger.india         com.shopledger.india                 E  == MALI DEBUG ===BAD ALLOC from gles_texture_egl_image_get_2d_template err is 0
2026-06-17 16:43:26.295 18739-20245 hopledger.india         com.shopledger.india                 E  == MALI DEBUG ===BAD ALLOC from gles_texture_egl_image_get_2d_template err is 0
2026-06-17 16:43:26.302 18739-20245 hopledger.india         com.shopledger.india                 E  == MALI DEBUG ===BAD ALLOC from gles_texture_egl_image_get_2d_template err is 0
2026-06-17 16:43:26.307 18739-20245 hopledger.india         com.shopledger.india                 E  == MALI DEBUG ===BAD ALLOC from gles_texture_egl_image_get_2d_template err is 0
2026-06-17 16:43:26.311 18739-20245 hopledger.india         com.shopledger.india                 E  == MALI DEBUG ===BAD ALLOC from gles_texture_egl_image_get_2d_template err is 0
2026-06-17 16:43:26.316 18739-20192 GPUAUX                  com.shopledger.india                 E  [AUX]GuiExtAuxCheckAuxPath:670: Null anb
2026-06-17 16:43:26.316 18739-20192 GPUAUX                  com.shopledger.india                 E  [AUX]GuiExtAuxCheckAuxPath:670: Null anb
2026-06-17 16:43:26.316 18739-20192 GPUAUX                  com.shopledger.india                 E  [AUX]GuiExtAuxCheckAuxPath:670: Null anb
2026-06-17 16:43:26.316 18739-20192 GPUAUX                  com.shopledger.india                 E  [AUX]GuiExtAuxCheckAuxPath:670: Null anb
2026-06-17 16:43:26.316 18739-20192 GPUAUX                  com.shopledger.india                 E  [AUX]GuiExtAuxCheckAuxPath:670: Null anb
2026-06-17 16:43:26.316 18739-20192 GPUAUX                  com.shopledger.india                 E  [AUX]GuiExtAuxCheckAuxPath:670: Null anb
2026-06-17 16:43:26.316 18739-20192 GPUAUX                  com.shopledger.india                 E  [AUX]GuiExtAuxCheckAuxPath:670: Null anb
2026-06-17 16:43:26.316 18739-20192 GPUAUX                  com.shopledger.india                 E  [AUX]GuiExtAuxCheckAuxPath:670: Null anb
2026-06-17 16:43:26.317 18739-20245 hopledger.india         com.shopledger.india                 E  == MALI DEBUG ===BAD ALLOC from gles_texture_egl_image_get_2d_template err is 0
2026-06-17 16:43:26.351 18739-20245 hopledger.india         com.shopledger.india                 E  == MALI DEBUG ===BAD ALLOC from gles_texture_egl_image_get_2d_template err is 0
2026-06-17 16:43:26.355 18739-20245 hopledger.india         com.shopledger.india                 E  == MALI DEBUG ===BAD ALLOC from gles_texture_egl_image_get_2d_template err is 0
2026-06-17 16:43:26.361 18739-20245 hopledger.india         com.shopledger.india                 E  == MALI DEBUG ===BAD ALLOC from gles_texture_egl_image_get_2d_template err is 0
2026-06-17 16:43:26.366 18739-20245 hopledger.india         com.shopledger.india                 E  == MALI DEBUG ===BAD ALLOC from gles_texture_egl_image_get_2d_template err is 0
2026-06-17 16:43:26.368 18739-20245 hopledger.india         com.shopledger.india                 E  == MALI DEBUG ===BAD ALLOC from gles_texture_egl_image_get_2d_template err is 0
2026-06-17 16:43:26.371 18739-20245 hopledger.india         com.shopledger.india                 E  == MALI DEBUG ===BAD ALLOC from gles_texture_egl_image_get_2d_template err is 0
2026-06-17 16:43:26.373 18739-20245 hopledger.india         com.shopledger.india                 E  == MALI DEBUG ===BAD ALLOC from gles_texture_egl_image_get_2d_template err is 0
2026-06-17 16:43:26.375 18739-20245 hopledger.india         com.shopledger.india                 E  == MALI DEBUG ===BAD ALLOC from gles_texture_egl_image_get_2d_template err is 0
2026-06-17 16:43:26.382 18739-20245 hopledger.india         com.shopledger.india                 E  == MALI DEBUG ===BAD ALLOC from gles_texture_egl_image_get_2d_template err is 0
2026-06-17 16:43:26.384 18739-20245 hopledger.india         com.shopledger.india                 E  == MALI DEBUG ===BAD ALLOC from gles_texture_egl_image_get_2d_template err is 0
2026-06-17 16:43:26.390 18739-20245 hopledger.india         com.shopledger.india                 E  == MALI DEBUG ===BAD ALLOC from gles_texture_egl_image_get_2d_template err is 0
2026-06-17 16:43:26.393 18739-20245 hopledger.india         com.shopledger.india                 E  == MALI DEBUG ===BAD ALLOC from gles_texture_egl_image_get_2d_template err is 0
2026-06-17 16:43:26.396 18739-20245 hopledger.india         com.shopledger.india                 E  == MALI DEBUG ===BAD ALLOC from gles_texture_egl_image_get_2d_template err is 0
2026-06-17 16:43:26.398 18739-20245 hopledger.india         com.shopledger.india                 E  == MALI DEBUG ===BAD ALLOC from gles_texture_egl_image_get_2d_template err is 0
2026-06-17 16:43:26.401 18739-20192 GPUAUX                  com.shopledger.india                 E  [AUX]GuiExtAuxCheckAuxPath:670: Null anb
2026-06-17 16:43:26.401 18739-20192 GPUAUX                  com.shopledger.india                 E  [AUX]GuiExtAuxCheckAuxPath:670: Null anb
2026-06-17 16:43:26.401 18739-20192 GPUAUX                  com.shopledger.india                 E  [AUX]GuiExtAuxCheckAuxPath:670: Null anb
2026-06-17 16:43:26.402 18739-20192 GPUAUX                  com.shopledger.india                 E  [AUX]GuiExtAuxCheckAuxPath:670: Null anb
2026-06-17 16:43:26.402 18739-20192 GPUAUX                  com.shopledger.india                 E  [AUX]GuiExtAuxCheckAuxPath:670: Null anb
2026-06-17 16:43:26.402 18739-20192 GPUAUX                  com.shopledger.india                 E  [AUX]GuiExtAuxCheckAuxPath:670: Null anb
2026-06-17 16:43:26.402 18739-20192 GPUAUX                  com.shopledger.india                 E  [AUX]GuiExtAuxCheckAuxPath:670: Null anb
2026-06-17 16:43:26.402 18739-20192 GPUAUX                  com.shopledger.india                 E  [AUX]GuiExtAuxCheckAuxPath:670: Null anb
2026-06-17 16:43:26.402 18739-20192 GPUAUX                  com.shopledger.india                 E  [AUX]GuiExtAuxCheckAuxPath:670: Null anb
2026-06-17 16:43:26.402 18739-20192 GPUAUX                  com.shopledger.india                 E  [AUX]GuiExtAuxCheckAuxPath:670: Null anb
2026-06-17 16:43:26.402 18739-20192 GPUAUX                  com.shopledger.india                 E  [AUX]GuiExtAuxCheckAuxPath:670: Null anb
2026-06-17 16:43:26.402 18739-20192 GPUAUX                  com.shopledger.india                 E  [AUX]GuiExtAuxCheckAuxPath:670: Null anb
2026-06-17 16:43:26.402 18739-20192 GPUAUX                  com.shopledger.india                 E  [AUX]GuiExtAuxCheckAuxPath:670: Null anb
2026-06-17 16:43:26.402 18739-20192 GPUAUX                  com.shopledger.india                 E  [AUX]GuiExtAuxCheckAuxPath:670: Null anb
2026-06-17 16:43:26.402 18739-20192 GPUAUX                  com.shopledger.india                 E  [AUX]GuiExtAuxCheckAuxPath:670: Null anb
2026-06-17 16:43:26.402 18739-20192 GPUAUX                  com.shopledger.india                 E  [AUX]GuiExtAuxCheckAuxPath:670: Null anb
2026-06-17 16:43:26.402 18739-20192 GPUAUX                  com.shopledger.india                 E  [AUX]GuiExtAuxCheckAuxPath:670: Null anb
2026-06-17 16:43:26.402 18739-20192 GPUAUX                  com.shopledger.india                 E  [AUX]GuiExtAuxCheckAuxPath:670: Null anb
2026-06-17 16:43:26.402 18739-20192 GPUAUX                  com.shopledger.india                 E  [AUX]GuiExtAuxCheckAuxPath:670: Null anb
2026-06-17 16:43:26.402 18739-20192 GPUAUX                  com.shopledger.india                 E  [AUX]GuiExtAuxCheckAuxPath:670: Null anb
2026-06-17 16:43:26.540 18739-18739 ImeTracker              com.shopledger.india                 I  com.shopledger.india:932cc32: onShown
2026-06-17 16:43:26.540 18739-18739 Capacitor/...oardPlugin com.shopledger.india                 V  Notifying listeners for event keyboardDidShow
2026-06-17 16:43:26.540 18739-18739 Capacitor/...oardPlugin com.shopledger.india                 D  No listeners found for event keyboardDidShow
2026-06-17 16:43:27.028 18739-18739 WindowOnBackDispatcher  com.shopledger.india                 W  sendCancelIfRunning: isInProgress=falsecallback=android.view.ViewRootImpl$$ExternalSyntheticLambda20@607d1c8
2026-06-17 16:43:27.035 18739-20192 OpenGLRenderer          com.shopledger.india                 D  endAllActiveAnimators on 0xb400006eaa7f6010 (ListView) with handle 0xb400006dda70b480
2026-06-17 16:43:27.035 18739-18739 View                    com.shopledger.india                 D  [Warning] assignParent to null: this = android.widget.PopupWindow$PopupDecorView{c373cf8 V.E...... R......D 0,0-495,798}
2026-06-17 16:43:27.047 18739-18739 InputTransport          com.shopledger.india                 D  Destroy ARC handle: 0xb400006dda7091a0
2026-06-17 16:43:27.051 18739-22131 BLASTBufferQueue        com.shopledger.india                 D  [VRI[PopupWindow:8abaae]#1](f:0,a:1) destructor()
2026-06-17 16:43:27.051 18739-22131 BufferQueueConsumer     com.shopledger.india                 D  [VRI[PopupWindow:8abaae]#1(BLAST Consumer)1](id:493300000001,api:0,p:-1,c:18739) disconnect
2026-06-17 16:43:27.054 18739-20245 hopledger.india         com.shopledger.india                 E  == MALI DEBUG ===BAD ALLOC from gles_texture_egl_image_get_2d_template err is 0
2026-06-17 16:43:27.069 18739-20245 hopledger.india         com.shopledger.india                 E  == MALI DEBUG ===BAD ALLOC from gles_texture_egl_image_get_2d_template err is 0
2026-06-17 16:43:27.072 18739-20245 hopledger.india         com.shopledger.india                 E  == MALI DEBUG ===BAD ALLOC from gles_texture_egl_image_get_2d_template err is 0
2026-06-17 16:43:27.080 18739-20245 hopledger.india         com.shopledger.india                 E  == MALI DEBUG ===BAD ALLOC from gles_texture_egl_image_get_2d_template err is 0
2026-06-17 16:43:27.083 18739-20245 hopledger.india         com.shopledger.india                 E  == MALI DEBUG ===BAD ALLOC from gles_texture_egl_image_get_2d_template err is 0
2026-06-17 16:43:27.086 18739-20245 hopledger.india         com.shopledger.india                 E  == MALI DEBUG ===BAD ALLOC from gles_texture_egl_image_get_2d_template err is 0
2026-06-17 16:43:27.088 18739-20245 hopledger.india         com.shopledger.india                 E  == MALI DEBUG ===BAD ALLOC from gles_texture_egl_image_get_2d_template err is 0
2026-06-17 16:43:27.091 18739-20245 hopledger.india         com.shopledger.india                 E  == MALI DEBUG ===BAD ALLOC from gles_texture_egl_image_get_2d_template err is 0
2026-06-17 16:43:27.093 18739-20245 hopledger.india         com.shopledger.india                 E  == MALI DEBUG ===BAD ALLOC from gles_texture_egl_image_get_2d_template err is 0
2026-06-17 16:43:27.095 18739-20245 hopledger.india         com.shopledger.india                 E  == MALI DEBUG ===BAD ALLOC from gles_texture_egl_image_get_2d_template err is 0
2026-06-17 16:43:27.097 18739-20245 hopledger.india         com.shopledger.india                 E  == MALI DEBUG ===BAD ALLOC from gles_texture_egl_image_get_2d_template err is 0
2026-06-17 16:43:27.098 18739-20245 hopledger.india         com.shopledger.india                 E  == MALI DEBUG ===BAD ALLOC from gles_texture_egl_image_get_2d_template err is 0
2026-06-17 16:43:27.100 18739-20245 hopledger.india         com.shopledger.india                 E  == MALI DEBUG ===BAD ALLOC from gles_texture_egl_image_get_2d_template err is 0
2026-06-17 16:43:27.106 18739-20245 hopledger.india         com.shopledger.india                 E  == MALI DEBUG ===BAD ALLOC from gles_texture_egl_image_get_2d_template err is 0
2026-06-17 16:43:27.108 18739-20245 hopledger.india         com.shopledger.india                 E  == MALI DEBUG ===BAD ALLOC from gles_texture_egl_image_get_2d_template err is 0
2026-06-17 16:43:27.110 18739-20192 GPUAUX                  com.shopledger.india                 E  [AUX]GuiExtAuxCheckAuxPath:670: Null anb
2026-06-17 16:43:27.110 18739-20192 GPUAUX                  com.shopledger.india                 E  [AUX]GuiExtAuxCheckAuxPath:670: Null anb
2026-06-17 16:43:27.110 18739-20192 GPUAUX                  com.shopledger.india                 E  [AUX]GuiExtAuxCheckAuxPath:670: Null anb
2026-06-17 16:43:27.110 18739-20192 GPUAUX                  com.shopledger.india                 E  [AUX]GuiExtAuxCheckAuxPath:670: Null anb
2026-06-17 16:43:27.110 18739-20192 GPUAUX                  com.shopledger.india                 E  [AUX]GuiExtAuxCheckAuxPath:670: Null anb
2026-06-17 16:43:27.110 18739-20192 GPUAUX                  com.shopledger.india                 E  [AUX]GuiExtAuxCheckAuxPath:670: Null anb
2026-06-17 16:43:27.110 18739-20192 GPUAUX                  com.shopledger.india                 E  [AUX]GuiExtAuxCheckAuxPath:670: Null anb
2026-06-17 16:43:27.110 18739-20192 GPUAUX                  com.shopledger.india                 E  [AUX]GuiExtAuxCheckAuxPath:670: Null anb
2026-06-17 16:43:27.110 18739-20192 GPUAUX                  com.shopledger.india                 E  [AUX]GuiExtAuxCheckAuxPath:670: Null anb
2026-06-17 16:43:27.110 18739-20192 GPUAUX                  com.shopledger.india                 E  [AUX]GuiExtAuxCheckAuxPath:670: Null anb
2026-06-17 16:43:27.110 18739-20192 GPUAUX                  com.shopledger.india                 E  [AUX]GuiExtAuxCheckAuxPath:670: Null anb
2026-06-17 16:43:27.110 18739-20192 GPUAUX                  com.shopledger.india                 E  [AUX]GuiExtAuxCheckAuxPath:670: Null anb
2026-06-17 16:43:27.110 18739-20192 GPUAUX                  com.shopledger.india                 E  [AUX]GuiExtAuxCheckAuxPath:670: Null anb
2026-06-17 16:43:27.110 18739-20192 GPUAUX                  com.shopledger.india                 E  [AUX]GuiExtAuxCheckAuxPath:670: Null anb
2026-06-17 16:43:27.110 18739-20192 GPUAUX                  com.shopledger.india                 E  [AUX]GuiExtAuxCheckAuxPath:670: Null anb
2026-06-17 16:43:27.402 18739-18739 ScrollIdentify          com.shopledger.india                 I  on fling
2026-06-17 16:43:28.009 18739-20245 hopledger.india         com.shopledger.india                 E  == MALI DEBUG ===BAD ALLOC from gles_texture_egl_image_get_2d_template err is 0
2026-06-17 16:43:28.032 18739-20192 GPUAUX                  com.shopledger.india                 E  [AUX]GuiExtAuxCheckAuxPath:670: Null anb
2026-06-17 16:43:28.033 18739-20192 GPUAUX                  com.shopledger.india                 E  [AUX]GuiExtAuxCheckAuxPath:670: Null anb
2026-06-17 16:43:28.033 18739-20192 GPUAUX                  com.shopledger.india                 E  [AUX]GuiExtAuxCheckAuxPath:670: Null anb
2026-06-17 16:43:28.035 18739-20245 hopledger.india         com.shopledger.india                 E  == MALI DEBUG ===BAD ALLOC from gles_texture_egl_image_get_2d_template err is 0
2026-06-17 16:43:28.041 18739-18739 ImeTracker              com.shopledger.india                 I  com.shopledger.india:7a79d6e0: onRequestHide at ORIGIN_CLIENT_HIDE_SOFT_INPUT reason HIDE_SOFT_INPUT
2026-06-17 16:43:28.043 18739-20245 hopledger.india         com.shopledger.india                 E  == MALI DEBUG ===BAD ALLOC from gles_texture_egl_image_get_2d_template err is 0
2026-06-17 16:43:28.064 18739-18739 WindowOnBackDispatcher  com.shopledger.india                 W  sendCancelIfRunning: isInProgress=falsecallback=ImeCallback=ImeOnBackInvokedCallback@249892454 Callback=android.window.IOnBackInvokedCallback$Stub$Proxy@6214836
2026-06-17 16:43:28.071 18739-18739 Capacitor/...oardPlugin com.shopledger.india                 V  Notifying listeners for event keyboardWillHide
2026-06-17 16:43:28.071 18739-18739 Capacitor/...oardPlugin com.shopledger.india                 D  No listeners found for event keyboardWillHide
2026-06-17 16:43:28.084 18739-20192 GPUAUX                  com.shopledger.india                 E  [AUX]GuiExtAuxCheckAuxPath:670: Null anb
2026-06-17 16:43:28.084 18739-20192 GPUAUX                  com.shopledger.india                 E  [AUX]GuiExtAuxCheckAuxPath:670: Null anb
2026-06-17 16:43:28.084 18739-20192 GPUAUX                  com.shopledger.india                 E  [AUX]GuiExtAuxCheckAuxPath:670: Null anb
2026-06-17 16:43:28.085 18739-20192 GPUAUX                  com.shopledger.india                 E  [AUX]GuiExtAuxCheckAuxPath:670: Null anb
2026-06-17 16:43:28.085 18739-20192 GPUAUX                  com.shopledger.india                 E  [AUX]GuiExtAuxCheckAuxPath:670: Null anb
2026-06-17 16:43:28.085 18739-20192 GPUAUX                  com.shopledger.india                 E  [AUX]GuiExtAuxCheckAuxPath:670: Null anb
2026-06-17 16:43:28.086 18739-20192 GPUAUX                  com.shopledger.india                 E  [AUX]GuiExtAuxCheckAuxPath:670: Null anb
2026-06-17 16:43:28.086 18739-20192 GPUAUX                  com.shopledger.india                 E  [AUX]GuiExtAuxCheckAuxPath:670: Null anb
2026-06-17 16:43:28.086 18739-20192 GPUAUX                  com.shopledger.india                 E  [AUX]GuiExtAuxCheckAuxPath:670: Null anb
2026-06-17 16:43:28.088 18739-20212 Capacitor               com.shopledger.india                 D  Handling local request: https://localhost/pwa-192x192.png
2026-06-17 16:43:28.118 18739-20245 hopledger.india         com.shopledger.india                 E  == MALI DEBUG ===BAD ALLOC from gles_texture_egl_image_get_2d_template err is 0
2026-06-17 16:43:28.119 18739-20192 GPUAUX                  com.shopledger.india                 E  [AUX]GuiExtAuxCheckAuxPath:670: Null anb
2026-06-17 16:43:28.119 18739-20192 GPUAUX                  com.shopledger.india                 E  [AUX]GuiExtAuxCheckAuxPath:670: Null anb
2026-06-17 16:43:28.120 18739-20192 GPUAUX                  com.shopledger.india                 E  [AUX]GuiExtAuxCheckAuxPath:670: Null anb
2026-06-17 16:43:28.120 18739-20192 GPUAUX                  com.shopledger.india                 E  [AUX]GuiExtAuxCheckAuxPath:670: Null anb
2026-06-17 16:43:28.369 18739-18739 ImeTracker              com.shopledger.india                 I  com.shopledger.india:af1e3b1d: onRequestHide at ORIGIN_CLIENT_HIDE_SOFT_INPUT reason HIDE_SOFT_INPUT_BY_INSETS_API
2026-06-17 16:43:28.372 18739-18739 ImeTracker              com.shopledger.india                 I  com.shopledger.india:7a79d6e0: onHidden
2026-06-17 16:43:28.373 18739-18739 Capacitor/...oardPlugin com.shopledger.india                 V  Notifying listeners for event keyboardDidHide
2026-06-17 16:43:28.373 18739-18739 Capacitor/...oardPlugin com.shopledger.india                 D  No listeners found for event keyboardDidHide
2026-06-17 16:43:28.472 18739-20245 hopledger.india         com.shopledger.india                 E  == MALI DEBUG ===BAD ALLOC from gles_texture_egl_image_get_2d_template err is 0
2026-06-17 16:43:28.485 18739-20192 GPUAUX                  com.shopledger.india                 E  [AUX]GuiExtAuxCheckAuxPath:670: Null anb
2026-06-17 16:43:31.840 18739-20192 GPUAUX                  com.shopledger.india                 E  [AUX]GuiExtAuxCheckAuxPath:670: Null anb
